Archive member included to satisfy reference by file (symbol)

C:/ST/STM32CubeIDE_1.18.0/STM32CubeIDE/plugins/com.st.stm32cube.ide.mcu.externaltools.gnu-tools-for-stm32.13.3.rel1.win32_1.0.0.202411081344/tools/bin/../lib/gcc/arm-none-eabi/13.3.1/../../../../arm-none-eabi/lib/thumb/v7e-m+fp/hard\libc_nano.a(libc_a-exit.o)
                              C:/ST/STM32CubeIDE_1.18.0/STM32CubeIDE/plugins/com.st.stm32cube.ide.mcu.externaltools.gnu-tools-for-stm32.13.3.rel1.win32_1.0.0.202411081344/tools/bin/../lib/gcc/arm-none-eabi/13.3.1/../../../../arm-none-eabi/lib/thumb/v7e-m+fp/hard/crt0.o (exit)
C:/ST/STM32CubeIDE_1.18.0/STM32CubeIDE/plugins/com.st.stm32cube.ide.mcu.externaltools.gnu-tools-for-stm32.13.3.rel1.win32_1.0.0.202411081344/tools/bin/../lib/gcc/arm-none-eabi/13.3.1/../../../../arm-none-eabi/lib/thumb/v7e-m+fp/hard\libc_nano.a(libc_a-ctype_.o)
                              ./Core/Src/main.o (_ctype_)
C:/ST/STM32CubeIDE_1.18.0/STM32CubeIDE/plugins/com.st.stm32cube.ide.mcu.externaltools.gnu-tools-for-stm32.13.3.rel1.win32_1.0.0.202411081344/tools/bin/../lib/gcc/arm-none-eabi/13.3.1/../../../../arm-none-eabi/lib/thumb/v7e-m+fp/hard\libc_nano.a(libc_a-findfp.o)
                              C:/ST/STM32CubeIDE_1.18.0/STM32CubeIDE/plugins/com.st.stm32cube.ide.mcu.externaltools.gnu-tools-for-stm32.13.3.rel1.win32_1.0.0.202411081344/tools/bin/../lib/gcc/arm-none-eabi/13.3.1/../../../../arm-none-eabi/lib/thumb/v7e-m+fp/hard\libc_nano.a(libc_a-exit.o) (__stdio_exit_handler)
C:/ST/STM32CubeIDE_1.18.0/STM32CubeIDE/plugins/com.st.stm32cube.ide.mcu.externaltools.gnu-tools-for-stm32.13.3.rel1.win32_1.0.0.202411081344/tools/bin/../lib/gcc/arm-none-eabi/13.3.1/../../../../arm-none-eabi/lib/thumb/v7e-m+fp/hard\libc_nano.a(libc_a-fwalk.o)
                              C:/ST/STM32CubeIDE_1.18.0/STM32CubeIDE/plugins/com.st.stm32cube.ide.mcu.externaltools.gnu-tools-for-stm32.13.3.rel1.win32_1.0.0.202411081344/tools/bin/../lib/gcc/arm-none-eabi/13.3.1/../../../../arm-none-eabi/lib/thumb/v7e-m+fp/hard\libc_nano.a(libc_a-findfp.o) (_fwalk_sglue)
C:/ST/STM32CubeIDE_1.18.0/STM32CubeIDE/plugins/com.st.stm32cube.ide.mcu.externaltools.gnu-tools-for-stm32.13.3.rel1.win32_1.0.0.202411081344/tools/bin/../lib/gcc/arm-none-eabi/13.3.1/../../../../arm-none-eabi/lib/thumb/v7e-m+fp/hard\libc_nano.a(libc_a-stdio.o)
                              C:/ST/STM32CubeIDE_1.18.0/STM32CubeIDE/plugins/com.st.stm32cube.ide.mcu.externaltools.gnu-tools-for-stm32.13.3.rel1.win32_1.0.0.202411081344/tools/bin/../lib/gcc/arm-none-eabi/13.3.1/../../../../arm-none-eabi/lib/thumb/v7e-m+fp/hard\libc_nano.a(libc_a-findfp.o) (__sread)
C:/ST/STM32CubeIDE_1.18.0/STM32CubeIDE/plugins/com.st.stm32cube.ide.mcu.externaltools.gnu-tools-for-stm32.13.3.rel1.win32_1.0.0.202411081344/tools/bin/../lib/gcc/arm-none-eabi/13.3.1/../../../../arm-none-eabi/lib/thumb/v7e-m+fp/hard\libc_nano.a(libc_a-memset.o)
                              C:/ST/STM32CubeIDE_1.18.0/STM32CubeIDE/plugins/com.st.stm32cube.ide.mcu.externaltools.gnu-tools-for-stm32.13.3.rel1.win32_1.0.0.202411081344/tools/bin/../lib/gcc/arm-none-eabi/13.3.1/../../../../arm-none-eabi/lib/thumb/v7e-m+fp/hard/crt0.o (memset)
C:/ST/STM32CubeIDE_1.18.0/STM32CubeIDE/plugins/com.st.stm32cube.ide.mcu.externaltools.gnu-tools-for-stm32.13.3.rel1.win32_1.0.0.202411081344/tools/bin/../lib/gcc/arm-none-eabi/13.3.1/../../../../arm-none-eabi/lib/thumb/v7e-m+fp/hard\libc_nano.a(libc_a-closer.o)
                              C:/ST/STM32CubeIDE_1.18.0/STM32CubeIDE/plugins/com.st.stm32cube.ide.mcu.externaltools.gnu-tools-for-stm32.13.3.rel1.win32_1.0.0.202411081344/tools/bin/../lib/gcc/arm-none-eabi/13.3.1/../../../../arm-none-eabi/lib/thumb/v7e-m+fp/hard\libc_nano.a(libc_a-stdio.o) (_close_r)
C:/ST/STM32CubeIDE_1.18.0/STM32CubeIDE/plugins/com.st.stm32cube.ide.mcu.externaltools.gnu-tools-for-stm32.13.3.rel1.win32_1.0.0.202411081344/tools/bin/../lib/gcc/arm-none-eabi/13.3.1/../../../../arm-none-eabi/lib/thumb/v7e-m+fp/hard\libc_nano.a(libc_a-reent.o)
                              C:/ST/STM32CubeIDE_1.18.0/STM32CubeIDE/plugins/com.st.stm32cube.ide.mcu.externaltools.gnu-tools-for-stm32.13.3.rel1.win32_1.0.0.202411081344/tools/bin/../lib/gcc/arm-none-eabi/13.3.1/../../../../arm-none-eabi/lib/thumb/v7e-m+fp/hard\libc_nano.a(libc_a-closer.o) (errno)
C:/ST/STM32CubeIDE_1.18.0/STM32CubeIDE/plugins/com.st.stm32cube.ide.mcu.externaltools.gnu-tools-for-stm32.13.3.rel1.win32_1.0.0.202411081344/tools/bin/../lib/gcc/arm-none-eabi/13.3.1/../../../../arm-none-eabi/lib/thumb/v7e-m+fp/hard\libc_nano.a(libc_a-impure.o)
                              C:/ST/STM32CubeIDE_1.18.0/STM32CubeIDE/plugins/com.st.stm32cube.ide.mcu.externaltools.gnu-tools-for-stm32.13.3.rel1.win32_1.0.0.202411081344/tools/bin/../lib/gcc/arm-none-eabi/13.3.1/../../../../arm-none-eabi/lib/thumb/v7e-m+fp/hard\libc_nano.a(libc_a-reent.o) (_impure_ptr)
[...]
Memory Configuration

Name             Origin             Length             Attributes
RAM              0x20000000         0x00020000         xrw
FLASH            0x08000000         0x00080000         xr
*default*        0x00000000         0xffffffff

Linker script and memory map

LOAD C:/ST/STM32CubeIDE_1.18.0/STM32CubeIDE/plugins/com.st.stm32cube.ide.mcu.externaltools.gnu-tools-for-stm32.13.3.rel1.win32_1.0.0.202411081344/tools/bin/../lib/gcc/arm-none-eabi/13.3.1/thumb/v7e-m+fp/hard/crti.o
LOAD C:/ST/STM32CubeIDE_1.18.0/STM32CubeIDE/plugins/com.st.stm32cube.ide.mcu.externaltools.gnu-tools-for-stm32.13.3.rel1.win32_1.0.0.202411081344/tools/bin/../lib/gcc/arm-none-eabi/13.3.1/thumb/v7e-m+fp/hard/crtbegin.o
LOAD C:/ST/STM32CubeIDE_1.18.0/STM32CubeIDE/plugins/com.st.stm32cube.ide.mcu.externaltools.gnu-tools-for-stm32.13.3.rel1.win32_1.0.0.202411081344/tools/bin/../lib/gcc/arm-none-eabi/13.3.1/../../../../arm-none-eabi/lib/thumb/v7e-m+fp/hard/crt0.o
LOAD ./Core/Src/main.o
LOAD ./Core/Src/stm32f4xx_hal_msp.o
LOAD ./Core/Src/stm32f4xx_it.o
LOAD ./Core/Src/syscalls.o
LOAD ./Core/Src/sysmem.o
LOAD ./Core/Src/system_stm32f4xx.o
LOAD ./Core/Src/usb_descriptors.o
LOAD ./Core/Startup/startup_stm32f446retx.o
LOAD ./Drivers/STM32F4xx_HAL_Driver/Src/stm32f4xx_hal.o
LOAD ./Drivers/STM32F4xx_HAL_Driver/Src/stm32f4xx_hal_cortex.o
LOAD ./Drivers/STM32F4xx_HAL_Driver/Src/stm32f4xx_hal_dma.o
LOAD ./Drivers/STM32F4xx_HAL_Driver/Src/stm32f4xx_hal_dma_ex.o
LOAD ./Drivers/STM32F4xx_HAL_Driver/Src/stm32f4xx_hal_exti.o
LOAD ./Drivers/STM32F4xx_HAL_Driver/Src/stm32f4xx_hal_flash.o
LOAD ./Drivers/STM32F4xx_HAL_Driver/Src/stm32f4xx_hal_flash_ex.o
LOAD ./Drivers/STM32F4xx_HAL_Driver/Src/stm32f4xx_hal_flash_ramfunc.o
LOAD ./Drivers/STM32F4xx_HAL_Driver/Src/stm32f4xx_hal_gpio.o
LOAD ./Drivers/STM32F4xx_HAL_Driver/Src/stm32f4xx_hal_pcd.o
LOAD ./Drivers/STM32F4xx_HAL_Driver/Src/stm32f4xx_hal_pcd_ex.o
LOAD ./Drivers/STM32F4xx_HAL_Driver/Src/stm32f4xx_hal_pwr.o
LOAD ./Drivers/STM32F4xx_HAL_Driver/Src/stm32f4xx_hal_pwr_ex.o
LOAD ./Drivers/STM32F4xx_HAL_Driver/Src/stm32f4xx_hal_rcc.o
LOAD ./Drivers/STM32F4xx_HAL_Driver/Src/stm32f4xx_hal_rcc_ex.o
LOAD ./Drivers/STM32F4xx_HAL_Driver/Src/stm32f4xx_hal_uart.o
LOAD ./Drivers/STM32F4xx_HAL_Driver/Src/stm32f4xx_ll_usb.o
LOAD ./Libs/tinyusb/src/class/audio/audio_device.o
LOAD ./Libs/tinyusb/src/class/bth/bth_device.o
LOAD ./Libs/tinyusb/src/class/cdc/cdc_device.o
LOAD ./Libs/tinyusb/src/class/cdc/cdc_host.o
LOAD ./Libs/tinyusb/src/class/cdc/cdc_rndis_host.o
LOAD ./Libs/tinyusb/src/class/dfu/dfu_device.o
LOAD ./Libs/tinyusb/src/class/dfu/dfu_rt_device.o
LOAD ./Libs/tinyusb/src/class/hid/hid_device.o
LOAD ./Libs/tinyusb/src/class/hid/hid_host.o
LOAD ./Libs/tinyusb/src/class/midi/midi_device.o
LOAD ./Libs/tinyusb/src/class/midi/midi_host.o
LOAD ./Libs/tinyusb/src/class/msc/msc_device.o
LOAD ./Libs/tinyusb/src/class/msc/msc_host.o
LOAD ./Libs/tinyusb/src/class/net/ecm_rndis_device.o
LOAD ./Libs/tinyusb/src/class/net/ncm_device.o
LOAD ./Libs/tinyusb/src/class/usbtmc/usbtmc_device.o
LOAD ./Libs/tinyusb/src/class/vendor/vendor_device.o
LOAD ./Libs/tinyusb/src/class/vendor/vendor_host.o
LOAD ./Libs/tinyusb/src/class/video/video_device.o
LOAD ./Libs/tinyusb/src/common/tusb_fifo.o
LOAD ./Libs/tinyusb/src/device/usbd.o
LOAD ./Libs/tinyusb/src/device/usbd_control.o
LOAD ./Libs/tinyusb/src/host/hub.o
LOAD ./Libs/tinyusb/src/host/usbh.o
LOAD ./Libs/tinyusb/src/portable/analog/max3421/hcd_max3421.o
LOAD ./Libs/tinyusb/src/portable/bridgetek/ft9xx/dcd_ft9xx.o
LOAD ./Libs/tinyusb/src/portable/chipidea/ci_fs/dcd_ci_fs.o
LOAD ./Libs/tinyusb/src/portable/chipidea/ci_hs/dcd_ci_hs.o
LOAD ./Libs/tinyusb/src/portable/chipidea/ci_hs/hcd_ci_hs.o
LOAD ./Libs/tinyusb/src/portable/dialog/da146xx/dcd_da146xx.o
LOAD ./Libs/tinyusb/src/portable/ehci/ehci.o
LOAD ./Libs/tinyusb/src/portable/espressif/esp32sx/dcd_esp32sx.o
LOAD ./Libs/tinyusb/src/portable/mentor/musb/dcd_musb.o
LOAD ./Libs/tinyusb/src/portable/mentor/musb/hcd_musb.o
LOAD ./Libs/tinyusb/src/portable/microchip/pic/dcd_pic.o
LOAD ./Libs/tinyusb/src/portable/microchip/pic32mz/dcd_pic32mz.o
LOAD ./Libs/tinyusb/src/portable/microchip/samd/dcd_samd.o
LOAD ./Libs/tinyusb/src/portable/microchip/samg/dcd_samg.o
LOAD ./Libs/tinyusb/src/portable/microchip/samx7x/dcd_samx7x.o
LOAD ./Libs/tinyusb/src/portable/mindmotion/mm32/dcd_mm32f327x_otg.o
LOAD ./Libs/tinyusb/src/portable/nordic/nrf5x/dcd_nrf5x.o
LOAD ./Libs/tinyusb/src/portable/nuvoton/nuc120/dcd_nuc120.o
LOAD ./Libs/tinyusb/src/portable/nuvoton/nuc121/dcd_nuc121.o
LOAD ./Libs/tinyusb/src/portable/nuvoton/nuc505/dcd_nuc505.o
LOAD ./Libs/tinyusb/src/portable/nxp/khci/dcd_khci.o
LOAD ./Libs/tinyusb/src/portable/nxp/khci/hcd_khci.o
LOAD ./Libs/tinyusb/src/portable/nxp/lpc17_40/dcd_lpc17_40.o
LOAD ./Libs/tinyusb/src/portable/nxp/lpc17_40/hcd_lpc17_40.o
LOAD ./Libs/tinyusb/src/portable/nxp/lpc_ip3511/dcd_lpc_ip3511.o
LOAD ./Libs/tinyusb/src/portable/ohci/ohci.o
LOAD ./Libs/tinyusb/src/portable/raspberrypi/pio_usb/dcd_pio_usb.o
LOAD ./Libs/tinyusb/src/portable/raspberrypi/pio_usb/hcd_pio_usb.o
LOAD ./Libs/tinyusb/src/portable/raspberrypi/rp2040/dcd_rp2040.o
LOAD ./Libs/tinyusb/src/portable/raspberrypi/rp2040/hcd_rp2040.o
LOAD ./Libs/tinyusb/src/portable/raspberrypi/rp2040/rp2040_usb.o
LOAD ./Libs/tinyusb/src/portable/renesas/rusb2/dcd_rusb2.o
LOAD ./Libs/tinyusb/src/portable/renesas/rusb2/hcd_rusb2.o
LOAD ./Libs/tinyusb/src/portable/renesas/rusb2/rusb2_common.o
LOAD ./Libs/tinyusb/src/portable/sony/cxd56/dcd_cxd56.o
LOAD ./Libs/tinyusb/src/portable/st/stm32_fsdev/dcd_stm32_fsdev.o
LOAD ./Libs/tinyusb/src/portable/st/typec/typec_stm32.o
LOAD ./Libs/tinyusb/src/portable/sunxi/dcd_sunxi_musb.o
LOAD ./Libs/tinyusb/src/portable/synopsys/dwc2/dcd_dwc2.o
LOAD ./Libs/tinyusb/src/portable/synopsys/dwc2/dwc2_common.o
LOAD ./Libs/tinyusb/src/portable/synopsys/dwc2/hcd_dwc2.o
LOAD ./Libs/tinyusb/src/portable/template/dcd_template.o
LOAD ./Libs/tinyusb/src/portable/template/hcd_template.o
LOAD ./Libs/tinyusb/src/portable/ti/msp430x5xx/dcd_msp430x5xx.o
LOAD ./Libs/tinyusb/src/portable/valentyusb/eptri/dcd_eptri.o
LOAD ./Libs/tinyusb/src/portable/wch/dcd_ch32_usbfs.o
LOAD ./Libs/tinyusb/src/portable/wch/dcd_ch32_usbhs.o
LOAD ./Libs/tinyusb/src/tusb.o
LOAD ./Libs/tinyusb/src/typec/usbc.o
START GROUP
LOAD C:/ST/STM32CubeIDE_1.18.0/STM32CubeIDE/plugins/com.st.stm32cube.ide.mcu.externaltools.gnu-tools-for-stm32.13.3.rel1.win32_1.0.0.202411081344/tools/bin/../lib/gcc/arm-none-eabi/13.3.1/../../../../arm-none-eabi/lib/thumb/v7e-m+fp/hard\libc_nano.a
LOAD C:/ST/STM32CubeIDE_1.18.0/STM32CubeIDE/plugins/com.st.stm32cube.ide.mcu.externaltools.gnu-tools-for-stm32.13.3.rel1.win32_1.0.0.202411081344/tools/bin/../lib/gcc/arm-none-eabi/13.3.1/../../../../arm-none-eabi/lib/thumb/v7e-m+fp/hard\libm.a
END GROUP
START GROUP
LOAD C:/ST/STM32CubeIDE_1.18.0/STM32CubeIDE/plugins/com.st.stm32cube.ide.mcu.externaltools.gnu-tools-for-stm32.13.3.rel1.win32_1.0.0.202411081344/tools/bin/../lib/gcc/arm-none-eabi/13.3.1/thumb/v7e-m+fp/hard\libgcc.a
LOAD C:/ST/STM32CubeIDE_1.18.0/STM32CubeIDE/plugins/com.st.stm32cube.ide.mcu.externaltools.gnu-tools-for-stm32.13.3.rel1.win32_1.0.0.202411081344/tools/bin/../lib/gcc/arm-none-eabi/13.3.1/../../../../arm-none-eabi/lib/thumb/v7e-m+fp/hard\libc_nano.a
END GROUP
START GROUP
LOAD C:/ST/STM32CubeIDE_1.18.0/STM32CubeIDE/plugins/com.st.stm32cube.ide.mcu.externaltools.gnu-tools-for-stm32.13.3.rel1.win32_1.0.0.202411081344/tools/bin/../lib/gcc/arm-none-eabi/13.3.1/thumb/v7e-m+fp/hard\libgcc.a
LOAD C:/ST/STM32CubeIDE_1.18.0/STM32CubeIDE/plugins/com.st.stm32cube.ide.mcu.externaltools.gnu-tools-for-stm32.13.3.rel1.win32_1.0.0.202411081344/tools/bin/../lib/gcc/arm-none-eabi/13.3.1/../../../../arm-none-eabi/lib/thumb/v7e-m+fp/hard\libc_nano.a
LOAD C:/ST/STM32CubeIDE_1.18.0/STM32CubeIDE/plugins/com.st.stm32cube.ide.mcu.externaltools.gnu-tools-for-stm32.13.3.rel1.win32_1.0.0.202411081344/tools/bin/../lib/gcc/arm-none-eabi/13.3.1/../../../../arm-none-eabi/lib/thumb/v7e-m+fp/hard\libnosys.a
END GROUP
START GROUP
LOAD C:/ST/STM32CubeIDE_1.18.0/STM32CubeIDE/plugins/com.st.stm32cube.ide.mcu.externaltools.gnu-tools-for-stm32.13.3.rel1.win32_1.0.0.202411081344/tools/bin/../lib/gcc/arm-none-eabi/13.3.1/thumb/v7e-m+fp/hard\libgcc.a
LOAD C:/ST/STM32CubeIDE_1.18.0/STM32CubeIDE/plugins/com.st.stm32cube.ide.mcu.externaltools.gnu-tools-for-stm32.13.3.rel1.win32_1.0.0.202411081344/tools/bin/../lib/gcc/arm-none-eabi/13.3.1/../../../../arm-none-eabi/lib/thumb/v7e-m+fp/hard\libc_nano.a
LOAD C:/ST/STM32CubeIDE_1.18.0/STM32CubeIDE/plugins/com.st.stm32cube.ide.mcu.externaltools.gnu-tools-for-stm32.13.3.rel1.win32_1.0.0.202411081344/tools/bin/../lib/gcc/arm-none-eabi/13.3.1/../../../../arm-none-eabi/lib/thumb/v7e-m+fp/hard\libnosys.a
END GROUP
LOAD C:/ST/STM32CubeIDE_1.18.0/STM32CubeIDE/plugins/com.st.stm32cube.ide.mcu.externaltools.gnu-tools-for-stm32.13.3.rel1.win32_1.0.0.202411081344/tools/bin/../lib/gcc/arm-none-eabi/13.3.1/thumb/v7e-m+fp/hard/crtend.o
LOAD C:/ST/STM32CubeIDE_1.18.0/STM32CubeIDE/plugins/com.st.stm32cube.ide.mcu.externaltools.gnu-tools-for-stm32.13.3.rel1.win32_1.0.0.202411081344/tools/bin/../lib/gcc/arm-none-eabi/13.3.1/thumb/v7e-m+fp/hard/crtn.o
                0x20020000                        _estack = (ORIGIN (RAM) + LENGTH (RAM))
                0x00000200                        _Min_Heap_Size = 0x200
                0x00000400                        _Min_Stack_Size = 0x400

.isr_vector     0x08000000      0x1c4
                0x08000000                        . = ALIGN (0x4)
 *(.isr_vector)
 .isr_vector    0x08000000      0x1c4 ./Core/Startup/startup_stm32f446retx.o
                0x08000000                g_pfnVectors
                0x080001c4                        . = ALIGN (0x4)

.text           0x080001c4     0x854c
                0x080001c4                        . = ALIGN (0x4)
 *(.text)
 .text          0x080001c4       0x40 C:/ST/STM32CubeIDE_1.18.0/STM32CubeIDE/plugins/com.st.stm32cube.ide.mcu.externaltools.gnu-tools-for-stm32.13.3.rel1.win32_1.0.0.202411081344/tools/bin/../lib/gcc/arm-none-eabi/13.3.1/thumb/v7e-m+fp/hard/crtbegin.o
 .text          0x08000204       0x10 C:/ST/STM32CubeIDE_1.18.0/STM32CubeIDE/plugins/com.st.stm32cube.ide.mcu.externaltools.gnu-tools-for-stm32.13.3.rel1.win32_1.0.0.202411081344/tools/bin/../lib/gcc/arm-none-eabi/13.3.1/../../../../arm-none-eabi/lib/thumb/v7e-m+fp/hard\libc_nano.a(libc_a-strlen.o)
                0x08000204                strlen
 .text          0x08000214       0x30 C:/ST/STM32CubeIDE_1.18.0/STM32CubeIDE/plugins/com.st.stm32cube.ide.mcu.externaltools.gnu-tools-for-stm32.13.3.rel1.win32_1.0.0.202411081344/tools/bin/../lib/gcc/arm-none-eabi/13.3.1/thumb/v7e-m+fp/hard\libgcc.a(_aeabi_uldivmod.o)
                0x08000214                __aeabi_uldivmod
 .text          0x08000244      0x2f8 C:/ST/STM32CubeIDE_1.18.0/STM32CubeIDE/plugins/com.st.stm32cube.ide.mcu.externaltools.gnu-tools-for-stm32.13.3.rel1.win32_1.0.0.202411081344/tools/bin/../lib/gcc/arm-none-eabi/13.3.1/thumb/v7e-m+fp/hard\libgcc.a(_udivmoddi4.o)
                0x08000244                __udivmoddi4
 .text          0x0800053c        0x4 C:/ST/STM32CubeIDE_1.18.0/STM32CubeIDE/plugins/com.st.stm32cube.ide.mcu.externaltools.gnu-tools-for-stm32.13.3.rel1.win32_1.0.0.202411081344/tools/bin/../lib/gcc/arm-none-eabi/13.3.1/thumb/v7e-m+fp/hard\libgcc.a(_dvmd_tls.o)
                0x0800053c                __aeabi_idiv0
                0x0800053c                __aeabi_ldiv0
 *(.text*)
 .text.echo_serial_port
                0x08000540       0xbc ./Core/Src/main.o
 .text.tud_mount_cb
                0x080005fc        0xe ./Core/Src/main.o
                0x080005fc                tud_mount_cb
 .text.tud_umount_cb
                0x0800060a        0xe ./Core/Src/main.o
                0x0800060a                tud_umount_cb
 .text.cdc_task
                0x08000618       0x62 ./Core/Src/main.o
 .text.main     0x0800067a       0x46 ./Core/Src/main.o
                0x0800067a                main
 .text.SystemClock_Config
                0x080006c0       0xd8 ./Core/Src/main.o
                0x080006c0                SystemClock_Config
 .text.MX_USART2_UART_Init
                0x08000798       0x54 ./Core/Src/main.o
 .text.MX_USB_OTG_FS_PCD_Init
                0x080007ec       0x5c ./Core/Src/main.o
 .text.MX_GPIO_Init
                0x08000848       0xdc ./Core/Src/main.o
 .text.Error_Handler
                0x08000924        0xc ./Core/Src/main.o
                0x08000924                Error_Handler
 .text.HAL_MspInit
                0x08000930       0x50 ./Core/Src/stm32f4xx_hal_msp.o
                0x08000930                HAL_MspInit
 .text.HAL_UART_MspInit
                0x08000980       0x90 ./Core/Src/stm32f4xx_hal_msp.o
                0x08000980                HAL_UART_MspInit
 .text.HAL_PCD_MspInit
                0x08000a10       0xd4 ./Core/Src/stm32f4xx_hal_msp.o
                0x08000a10                HAL_PCD_MspInit
 .text.NMI_Handler
                0x08000ae4        0x8 ./Core/Src/stm32f4xx_it.o
                0x08000ae4                NMI_Handler
 .text.HardFault_Handler
                0x08000aec        0x8 ./Core/Src/stm32f4xx_it.o
                0x08000aec                HardFault_Handler
 .text.MemManage_Handler
                0x08000af4        0x8 ./Core/Src/stm32f4xx_it.o
                0x08000af4                MemManage_Handler
 .text.BusFault_Handler
                0x08000afc        0x8 ./Core/Src/stm32f4xx_it.o
                0x08000afc                BusFault_Handler
 .text.UsageFault_Handler
                0x08000b04        0x8 ./Core/Src/stm32f4xx_it.o
                0x08000b04                UsageFault_Handler
 .text.SVC_Handler
                0x08000b0c        0xe ./Core/Src/stm32f4xx_it.o
                0x08000b0c                SVC_Handler
 .text.DebugMon_Handler
                0x08000b1a        0xe ./Core/Src/stm32f4xx_it.o
                0x08000b1a                DebugMon_Handler
 .text.PendSV_Handler
                0x08000b28        0xe ./Core/Src/stm32f4xx_it.o
                0x08000b28                PendSV_Handler
 .text.SysTick_Handler
                0x08000b36        0xc ./Core/Src/stm32f4xx_it.o
                0x08000b36                SysTick_Handler
 .text.OTG_FS_IRQHandler
                0x08000b42        0xe ./Core/Src/stm32f4xx_it.o
                0x08000b42                OTG_FS_IRQHandler
 .text.SystemInit
                0x08000b50       0x24 ./Core/Src/system_stm32f4xx.o
                0x08000b50                SystemInit
 .text.board_usb_get_serial
                0x08000b74       0xd4 ./Core/Src/usb_descriptors.o
 .text.tud_descriptor_device_cb
                0x08000c48       0x14 ./Core/Src/usb_descriptors.o
                0x08000c48                tud_descriptor_device_cb
 .text.tud_descriptor_configuration_cb
                0x08000c5c       0x1c ./Core/Src/usb_descriptors.o
                0x08000c5c                tud_descriptor_configuration_cb
 .text.tud_descriptor_string_cb
                0x08000c78       0xc0 ./Core/Src/usb_descriptors.o
                0x08000c78                tud_descriptor_string_cb
 .text.Reset_Handler
                0x08000d38       0x50 ./Core/Startup/startup_stm32f446retx.o
                0x08000d38                Reset_Handler
 .text.Default_Handler
                0x08000d88        0x2 ./Core/Startup/startup_stm32f446retx.o
                0x08000d88                RTC_Alarm_IRQHandler
                0x08000d88                EXTI2_IRQHandler
                0x08000d88                TIM8_CC_IRQHandler
                0x08000d88                FMPI2C1_EV_IRQHandler
                0x08000d88                SPI4_IRQHandler
                0x08000d88                TIM1_CC_IRQHandler
                0x08000d88                DMA2_Stream5_IRQHandler
                0x08000d88                DMA1_Stream5_IRQHandler
                0x08000d88                PVD_IRQHandler
                0x08000d88                SDIO_IRQHandler
                0x08000d88                TAMP_STAMP_IRQHandler
                0x08000d88                CAN2_RX1_IRQHandler
                0x08000d88                EXTI3_IRQHandler
                0x08000d88                TIM8_TRG_COM_TIM14_IRQHandler
                0x08000d88                TIM1_UP_TIM10_IRQHandler
                0x08000d88                TIM8_UP_TIM13_IRQHandler
                0x08000d88                I2C3_ER_IRQHandler
                0x08000d88                EXTI0_IRQHandler
                0x08000d88                I2C2_EV_IRQHandler
                0x08000d88                DMA1_Stream2_IRQHandler
                0x08000d88                CAN1_RX0_IRQHandler
                0x08000d88                FPU_IRQHandler
                0x08000d88                OTG_HS_WKUP_IRQHandler
                0x08000d88                CAN2_SCE_IRQHandler
                0x08000d88                DMA2_Stream2_IRQHandler
                0x08000d88                SPI1_IRQHandler
                0x08000d88                TIM6_DAC_IRQHandler
                0x08000d88                TIM1_BRK_TIM9_IRQHandler
                0x08000d88                DCMI_IRQHandler
                0x08000d88                CAN2_RX0_IRQHandler
                0x08000d88                DMA2_Stream3_IRQHandler
                0x08000d88                SAI2_IRQHandler
                0x08000d88                USART6_IRQHandler
                0x08000d88                USART3_IRQHandler
                0x08000d88                CAN1_RX1_IRQHandler
                0x08000d88                UART5_IRQHandler
                0x08000d88                DMA2_Stream0_IRQHandler
                0x08000d88                TIM4_IRQHandler
                0x08000d88                QUADSPI_IRQHandler
                0x08000d88                I2C1_EV_IRQHandler
                0x08000d88                DMA1_Stream6_IRQHandler
                0x08000d88                DMA1_Stream1_IRQHandler
                0x08000d88                UART4_IRQHandler
                0x08000d88                TIM3_IRQHandler
                0x08000d88                RCC_IRQHandler
                0x08000d88                TIM8_BRK_TIM12_IRQHandler
                0x08000d88                Default_Handler
                0x08000d88                CEC_IRQHandler
                0x08000d88                EXTI15_10_IRQHandler
                0x08000d88                ADC_IRQHandler
                0x08000d88                DMA1_Stream7_IRQHandler
                0x08000d88                TIM7_IRQHandler
                0x08000d88                CAN2_TX_IRQHandler
                0x08000d88                TIM5_IRQHandler
                0x08000d88                DMA2_Stream7_IRQHandler
                0x08000d88                I2C3_EV_IRQHandler
                0x08000d88                EXTI9_5_IRQHandler
                0x08000d88                RTC_WKUP_IRQHandler
                0x08000d88                SPDIF_RX_IRQHandler
                0x08000d88                SPI2_IRQHandler
                0x08000d88                OTG_HS_EP1_IN_IRQHandler
                0x08000d88                DMA1_Stream0_IRQHandler
                0x08000d88                CAN1_TX_IRQHandler
                0x08000d88                FMPI2C1_ER_IRQHandler
                0x08000d88                EXTI4_IRQHandler
                0x08000d88                OTG_HS_EP1_OUT_IRQHandler
                0x08000d88                WWDG_IRQHandler
                0x08000d88                TIM2_IRQHandler
                0x08000d88                OTG_FS_WKUP_IRQHandler
                0x08000d88                TIM1_TRG_COM_TIM11_IRQHandler
                0x08000d88                OTG_HS_IRQHandler
                0x08000d88                EXTI1_IRQHandler
                0x08000d88                USART2_IRQHandler
                0x08000d88                I2C2_ER_IRQHandler
                0x08000d88                DMA2_Stream1_IRQHandler
                0x08000d88                CAN1_SCE_IRQHandler
                0x08000d88                FLASH_IRQHandler
                0x08000d88                DMA2_Stream4_IRQHandler
                0x08000d88                USART1_IRQHandler
                0x08000d88                SPI3_IRQHandler
                0x08000d88                DMA1_Stream4_IRQHandler
                0x08000d88                I2C1_ER_IRQHandler
                0x08000d88                FMC_IRQHandler
                0x08000d88                DMA2_Stream6_IRQHandler
                0x08000d88                SAI1_IRQHandler
                0x08000d88                DMA1_Stream3_IRQHandler
 *fill*         0x08000d8a        0x2 
 .text.HAL_Init
                0x08000d8c       0x44 ./Drivers/STM32F4xx_HAL_Driver/Src/stm32f4xx_hal.o
                0x08000d8c                HAL_Init
 .text.HAL_InitTick
                0x08000dd0       0x60 ./Drivers/STM32F4xx_HAL_Driver/Src/stm32f4xx_hal.o
                0x08000dd0                HAL_InitTick
 .text.HAL_IncTick
                0x08000e30       0x28 ./Drivers/STM32F4xx_HAL_Driver/Src/stm32f4xx_hal.o
                0x08000e30                HAL_IncTick
 .text.HAL_GetTick
                0x08000e58       0x18 ./Drivers/STM32F4xx_HAL_Driver/Src/stm32f4xx_hal.o
                0x08000e58                HAL_GetTick
 .text.HAL_Delay
                0x08000e70       0x48 ./Drivers/STM32F4xx_HAL_Driver/Src/stm32f4xx_hal.o
                0x08000e70                HAL_Delay
 .text.__NVIC_SetPriorityGrouping
                0x08000eb8       0x48 ./Drivers/STM32F4xx_HAL_Driver/Src/stm32f4xx_hal_cortex.o
 .text.__NVIC_GetPriorityGrouping
                0x08000f00       0x1c ./Drivers/STM32F4xx_HAL_Driver/Src/stm32f4xx_hal_cortex.o
 .text.__NVIC_EnableIRQ
                0x08000f1c       0x3c ./Drivers/STM32F4xx_HAL_Driver/Src/stm32f4xx_hal_cortex.o
 .text.__NVIC_SetPriority
                0x08000f58       0x54 ./Drivers/STM32F4xx_HAL_Driver/Src/stm32f4xx_hal_cortex.o
 .text.NVIC_EncodePriority
                0x08000fac       0x66 ./Drivers/STM32F4xx_HAL_Driver/Src/stm32f4xx_hal_cortex.o
 *fill*         0x08001012        0x2 
 .text.SysTick_Config
                0x08001014       0x44 ./Drivers/STM32F4xx_HAL_Driver/Src/stm32f4xx_hal_cortex.o
 .text.HAL_NVIC_SetPriorityGrouping
                0x08001058       0x16 ./Drivers/STM32F4xx_HAL_Driver/Src/stm32f4xx_hal_cortex.o
                0x08001058                HAL_NVIC_SetPriorityGrouping
 .text.HAL_NVIC_SetPriority
                0x0800106e       0x38 ./Drivers/STM32F4xx_HAL_Driver/Src/stm32f4xx_hal_cortex.o
                0x0800106e                HAL_NVIC_SetPriority
 .text.HAL_NVIC_EnableIRQ
                0x080010a6       0x1c ./Drivers/STM32F4xx_HAL_Driver/Src/stm32f4xx_hal_cortex.o
                0x080010a6                HAL_NVIC_EnableIRQ
 .text.HAL_SYSTICK_Config
                0x080010c2       0x18 ./Drivers/STM32F4xx_HAL_Driver/Src/stm32f4xx_hal_cortex.o
                0x080010c2                HAL_SYSTICK_Config
 *fill*         0x080010da        0x2 
 .text.HAL_GPIO_Init
                0x080010dc      0x328 ./Drivers/STM32F4xx_HAL_Driver/Src/stm32f4xx_hal_gpio.o
                0x080010dc                HAL_GPIO_Init
 .text.HAL_GPIO_WritePin
                0x08001404       0x32 ./Drivers/STM32F4xx_HAL_Driver/Src/stm32f4xx_hal_gpio.o
                0x08001404                HAL_GPIO_WritePin
 .text.HAL_PCD_Init
                0x08001436      0x22c ./Drivers/STM32F4xx_HAL_Driver/Src/stm32f4xx_hal_pcd.o
                0x08001436                HAL_PCD_Init
 .text.HAL_PCDEx_ActivateLPM
                0x08001662       0x48 ./Drivers/STM32F4xx_HAL_Driver/Src/stm32f4xx_hal_pcd_ex.o
                0x08001662                HAL_PCDEx_ActivateLPM
 *fill*         0x080016aa        0x2 
 .text.HAL_RCC_ClockConfig
                0x080016ac      0x1cc ./Drivers/STM32F4xx_HAL_Driver/Src/stm32f4xx_hal_rcc.o
                0x080016ac                HAL_RCC_ClockConfig
 .text.HAL_RCC_GetHCLKFreq
                0x08001878       0x18 ./Drivers/STM32F4xx_HAL_Driver/Src/stm32f4xx_hal_rcc.o
                0x08001878                HAL_RCC_GetHCLKFreq
 .text.HAL_RCC_GetPCLK1Freq
                0x08001890       0x28 ./Drivers/STM32F4xx_HAL_Driver/Src/stm32f4xx_hal_rcc.o
                0x08001890                HAL_RCC_GetPCLK1Freq
 .text.HAL_RCC_GetPCLK2Freq
                0x080018b8       0x28 ./Drivers/STM32F4xx_HAL_Driver/Src/stm32f4xx_hal_rcc.o
                0x080018b8                HAL_RCC_GetPCLK2Freq
 .text.HAL_RCCEx_PeriphCLKConfig
                0x080018e0      0x654 ./Drivers/STM32F4xx_HAL_Driver/Src/stm32f4xx_hal_rcc_ex.o
                0x080018e0                HAL_RCCEx_PeriphCLKConfig
 .text.HAL_RCC_GetSysClockFreq
                0x08001f34      0x460 ./Drivers/STM32F4xx_HAL_Driver/Src/stm32f4xx_hal_rcc_ex.o
                0x08001f34                HAL_RCC_GetSysClockFreq
 .text.HAL_RCC_OscConfig
                0x08002394      0x53c ./Drivers/STM32F4xx_HAL_Driver/Src/stm32f4xx_hal_rcc_ex.o
                0x08002394                HAL_RCC_OscConfig
 .text.HAL_UART_Init
                0x080028d0       0xa0 ./Drivers/STM32F4xx_HAL_Driver/Src/stm32f4xx_hal_uart.o
                0x080028d0                HAL_UART_Init
 .text.UART_SetConfig
                0x08002970      0x4e8 ./Drivers/STM32F4xx_HAL_Driver/Src/stm32f4xx_hal_uart.o
 .text.USB_CoreInit
                0x08002e58       0xc8 ./Drivers/STM32F4xx_HAL_Driver/Src/stm32f4xx_ll_usb.o
                0x08002e58                USB_CoreInit
 .text.USB_DisableGlobalInt
                0x08002f20       0x22 ./Drivers/STM32F4xx_HAL_Driver/Src/stm32f4xx_ll_usb.o
                0x08002f20                USB_DisableGlobalInt
 .text.USB_SetCurrentMode
                0x08002f42       0x98 ./Drivers/STM32F4xx_HAL_Driver/Src/stm32f4xx_ll_usb.o
                0x08002f42                USB_SetCurrentMode
 *fill*         0x08002fda        0x2 
 .text.USB_DevInit
                0x08002fdc      0x2bc ./Drivers/STM32F4xx_HAL_Driver/Src/stm32f4xx_ll_usb.o
                0x08002fdc                USB_DevInit
 .text.USB_FlushTxFifo
                0x08003298       0x64 ./Drivers/STM32F4xx_HAL_Driver/Src/stm32f4xx_ll_usb.o
                0x08003298                USB_FlushTxFifo
 .text.USB_FlushRxFifo
                0x080032fc       0x5c ./Drivers/STM32F4xx_HAL_Driver/Src/stm32f4xx_ll_usb.o
                0x080032fc                USB_FlushRxFifo
 .text.USB_SetDevSpeed
                0x08003358       0x32 ./Drivers/STM32F4xx_HAL_Driver/Src/stm32f4xx_ll_usb.o
                0x08003358                USB_SetDevSpeed
 .text.USB_DevDisconnect
                0x0800338a       0x42 ./Drivers/STM32F4xx_HAL_Driver/Src/stm32f4xx_ll_usb.o
                0x0800338a                USB_DevDisconnect
 .text.USB_GetMode
                0x080033cc       0x1c ./Drivers/STM32F4xx_HAL_Driver/Src/stm32f4xx_ll_usb.o
                0x080033cc                USB_GetMode
 .text.USB_CoreReset
                0x080033e8       0x62 ./Drivers/STM32F4xx_HAL_Driver/Src/stm32f4xx_ll_usb.o
 *fill*         0x0800344a        0x2 
 .text._prep_out_transaction
                0x0800344c       0xe0 ./Libs/tinyusb/src/class/cdc/cdc_device.o
 .text.tud_cdc_n_available
                0x0800352c       0x2c ./Libs/tinyusb/src/class/cdc/cdc_device.o
                0x0800352c                tud_cdc_n_available
 .text.tud_cdc_n_read
                0x08003558       0x58 ./Libs/tinyusb/src/class/cdc/cdc_device.o
                0x08003558                tud_cdc_n_read
 .text.tud_cdc_n_write
                0x080035b0       0x68 ./Libs/tinyusb/src/class/cdc/cdc_device.o
                0x080035b0                tud_cdc_n_write
 .text.tud_cdc_n_write_flush
                0x08003618      0x104 ./Libs/tinyusb/src/class/cdc/cdc_device.o
                0x08003618                tud_cdc_n_write_flush
 .text.cdcd_init
                0x0800371c       0xa0 ./Libs/tinyusb/src/class/cdc/cdc_device.o
                0x0800371c                cdcd_init
 .text.cdcd_deinit
                0x080037bc       0x10 ./Libs/tinyusb/src/class/cdc/cdc_device.o
                0x080037bc                cdcd_deinit
 .text.cdcd_reset
                0x080037cc       0x84 ./Libs/tinyusb/src/class/cdc/cdc_device.o
                0x080037cc                cdcd_reset
 .text.cdcd_open
                0x08003850      0x1ec ./Libs/tinyusb/src/class/cdc/cdc_device.o
                0x08003850                cdcd_open
 .text.cdcd_control_xfer_cb
                0x08003a3c      0x1ec ./Libs/tinyusb/src/class/cdc/cdc_device.o
                0x08003a3c                cdcd_control_xfer_cb
 .text.cdcd_xfer_cb
                0x08003c28      0x194 ./Libs/tinyusb/src/class/cdc/cdc_device.o
                0x08003c28                cdcd_xfer_cb
 .text.tu_fifo_config
                0x08003dbc       0x66 ./Libs/tinyusb/src/common/tusb_fifo.o
                0x08003dbc                tu_fifo_config
 .text._ff_push_const_addr
                0x08003e22       0x68 ./Libs/tinyusb/src/common/tusb_fifo.o
 .text._ff_pull_const_addr
                0x08003e8a       0x66 ./Libs/tinyusb/src/common/tusb_fifo.o
 .text._ff_push
                0x08003ef0       0x3e ./Libs/tinyusb/src/common/tusb_fifo.o
 .text._ff_push_n
                0x08003f2e      0x1bc ./Libs/tinyusb/src/common/tusb_fifo.o
 .text._ff_pull
                0x080040ea       0x3e ./Libs/tinyusb/src/common/tusb_fifo.o
 .text._ff_pull_n
                0x08004128      0x1c0 ./Libs/tinyusb/src/common/tusb_fifo.o
 .text.advance_index
                0x080042e8       0x4c ./Libs/tinyusb/src/common/tusb_fifo.o
 .text._tu_fifo_peek
                0x08004334       0xcc ./Libs/tinyusb/src/common/tusb_fifo.o
 .text._tu_fifo_peek_n
                0x08004400       0xe0 ./Libs/tinyusb/src/common/tusb_fifo.o
 .text._tu_fifo_write_n
                0x080044e0      0x1a2 ./Libs/tinyusb/src/common/tusb_fifo.o
 .text._tu_fifo_read_n
                0x08004682       0x5e ./Libs/tinyusb/src/common/tusb_fifo.o
 .text.tu_fifo_count
                0x080046e0       0x64 ./Libs/tinyusb/src/common/tusb_fifo.o
                0x080046e0                tu_fifo_count
 .text.tu_fifo_empty
                0x08004744       0x2a ./Libs/tinyusb/src/common/tusb_fifo.o
                0x08004744                tu_fifo_empty
 .text.tu_fifo_full
                0x0800476e       0x5c ./Libs/tinyusb/src/common/tusb_fifo.o
                0x0800476e                tu_fifo_full
 .text.tu_fifo_remaining
                0x080047ca       0x70 ./Libs/tinyusb/src/common/tusb_fifo.o
                0x080047ca                tu_fifo_remaining
 .text.tu_fifo_read
                0x0800483a       0x48 ./Libs/tinyusb/src/common/tusb_fifo.o
                0x0800483a                tu_fifo_read
 .text.tu_fifo_read_n
                0x08004882       0x24 ./Libs/tinyusb/src/common/tusb_fifo.o
                0x08004882                tu_fifo_read_n
 .text.tu_fifo_read_n_const_addr_full_words
                0x080048a6       0x24 ./Libs/tinyusb/src/common/tusb_fifo.o
                0x080048a6                tu_fifo_read_n_const_addr_full_words
 .text.tu_fifo_write
                0x080048ca       0x86 ./Libs/tinyusb/src/common/tusb_fifo.o
                0x080048ca                tu_fifo_write
 .text.tu_fifo_write_n
                0x08004950       0x24 ./Libs/tinyusb/src/common/tusb_fifo.o
                0x08004950                tu_fifo_write_n
 .text.tu_fifo_write_n_const_addr_full_words
                0x08004974       0x24 ./Libs/tinyusb/src/common/tusb_fifo.o
                0x08004974                tu_fifo_write_n_const_addr_full_words
 .text.tu_fifo_clear
                0x08004998       0x22 ./Libs/tinyusb/src/common/tusb_fifo.o
                0x08004998                tu_fifo_clear
 .text.tu_fifo_set_overwritable
                0x080049ba       0x26 ./Libs/tinyusb/src/common/tusb_fifo.o
                0x080049ba                tu_fifo_set_overwritable
 .text.tud_event_hook_cb
                0x080049e0       0x1c ./Libs/tinyusb/src/device/usbd.o
                0x080049e0                tud_event_hook_cb
 .text.tud_sof_cb
                0x080049fc       0x14 ./Libs/tinyusb/src/device/usbd.o
                0x080049fc                tud_sof_cb
 .text.tud_descriptor_bos_cb
                0x08004a10       0x10 ./Libs/tinyusb/src/device/usbd.o
                0x08004a10                tud_descriptor_bos_cb
 .text.tud_descriptor_device_qualifier_cb
                0x08004a20       0x10 ./Libs/tinyusb/src/device/usbd.o
                0x08004a20                tud_descriptor_device_qualifier_cb
 .text.tud_descriptor_other_speed_configuration_cb
                0x08004a30       0x18 ./Libs/tinyusb/src/device/usbd.o
                0x08004a30                tud_descriptor_other_speed_configuration_cb
 .text.tud_suspend_cb
                0x08004a48       0x16 ./Libs/tinyusb/src/device/usbd.o
                0x08004a48                tud_suspend_cb
 .text.tud_resume_cb
                0x08004a5e        0xe ./Libs/tinyusb/src/device/usbd.o
                0x08004a5e                tud_resume_cb
 .text.tud_vendor_control_xfer_cb
                0x08004a6c       0x1e ./Libs/tinyusb/src/device/usbd.o
                0x08004a6c                tud_vendor_control_xfer_cb
 .text.dcd_dcache_clean
                0x08004a8a       0x18 ./Libs/tinyusb/src/device/usbd.o
                0x08004a8a                dcd_dcache_clean
 *fill*         0x08004aa2        0x2 
 .text.tud_mounted
                0x08004aa4       0x24 ./Libs/tinyusb/src/device/usbd.o
                0x08004aa4                tud_mounted
 .text.tud_suspended
                0x08004ac8       0x28 ./Libs/tinyusb/src/device/usbd.o
                0x08004ac8                tud_suspended
 .text.tud_inited
                0x08004af0       0x20 ./Libs/tinyusb/src/device/usbd.o
                0x08004af0                tud_inited
 .text.tud_rhport_init
                0x08004b10      0x180 ./Libs/tinyusb/src/device/usbd.o
                0x08004b10                tud_rhport_init
 .text.configuration_reset
                0x08004c90       0xc8 ./Libs/tinyusb/src/device/usbd.o
 .text.usbd_reset
                0x08004d58       0x1e ./Libs/tinyusb/src/device/usbd.o
 *fill*         0x08004d76        0x2 
 .text.tud_task_ext
                0x08004d78      0x348 ./Libs/tinyusb/src/device/usbd.o
                0x08004d78                tud_task_ext
 .text.invoke_class_control
                0x080050c0       0x2e ./Libs/tinyusb/src/device/usbd.o
 *fill*         0x080050ee        0x2 
 .text.process_control_request
                0x080050f0      0x5b8 ./Libs/tinyusb/src/device/usbd.o
 .text.process_set_config
                0x080056a8      0x264 ./Libs/tinyusb/src/device/usbd.o
 .text.process_get_descriptor
                0x0800590c      0x1b4 ./Libs/tinyusb/src/device/usbd.o
 .text.dcd_event_handler
                0x08005ac0      0x3c4 ./Libs/tinyusb/src/device/usbd.o
                0x08005ac0                dcd_event_handler
 .text.usbd_int_set
                0x08005e84       0x34 ./Libs/tinyusb/src/device/usbd.o
                0x08005e84                usbd_int_set
 .text.usbd_open_edpt_pair
                0x08005eb8       0xd0 ./Libs/tinyusb/src/device/usbd.o
                0x08005eb8                usbd_open_edpt_pair
 .text.usbd_edpt_open
                0x08005f88       0x8c ./Libs/tinyusb/src/device/usbd.o
                0x08005f88                usbd_edpt_open
 .text.usbd_edpt_claim
                0x08006014       0x50 ./Libs/tinyusb/src/device/usbd.o
                0x08006014                usbd_edpt_claim
 .text.usbd_edpt_release
                0x08006064       0x50 ./Libs/tinyusb/src/device/usbd.o
                0x08006064                usbd_edpt_release
 .text.usbd_edpt_xfer
                0x080060b4       0xec ./Libs/tinyusb/src/device/usbd.o
                0x080060b4                usbd_edpt_xfer
 .text.usbd_edpt_stall
                0x080061a0       0x7c ./Libs/tinyusb/src/device/usbd.o
                0x080061a0                usbd_edpt_stall
 .text.usbd_edpt_clear_stall
                0x0800621c       0x7c ./Libs/tinyusb/src/device/usbd.o
                0x0800621c                usbd_edpt_clear_stall
 .text.usbd_edpt_stalled
                0x08006298       0x5c ./Libs/tinyusb/src/device/usbd.o
                0x08006298                usbd_edpt_stalled
 .text.dcd_edpt0_status_complete
                0x080062f4       0x18 ./Libs/tinyusb/src/device/usbd_control.o
                0x080062f4                dcd_edpt0_status_complete
 .text.status_stage_xact
                0x0800630c       0x38 ./Libs/tinyusb/src/device/usbd_control.o
 .text.tud_control_status
                0x08006344       0x40 ./Libs/tinyusb/src/device/usbd_control.o
                0x08006344                tud_control_status
 .text.data_stage_xact
                0x08006384       0xa4 ./Libs/tinyusb/src/device/usbd_control.o
 .text.tud_control_xfer
                0x08006428       0xe0 ./Libs/tinyusb/src/device/usbd_control.o
                0x08006428                tud_control_xfer
 .text.usbd_control_reset
                0x08006508       0x18 ./Libs/tinyusb/src/device/usbd_control.o
                0x08006508                usbd_control_reset
 .text.usbd_control_set_complete_callback
                0x08006520       0x20 ./Libs/tinyusb/src/device/usbd_control.o
                0x08006520                usbd_control_set_complete_callback
 .text.usbd_control_set_request
                0x08006540       0x34 ./Libs/tinyusb/src/device/usbd_control.o
                0x08006540                usbd_control_set_request
 .text.usbd_control_xfer_cb
                0x08006574      0x168 ./Libs/tinyusb/src/device/usbd_control.o
                0x08006574                usbd_control_xfer_cb
 .text.__NVIC_EnableIRQ
                0x080066dc       0x3c ./Libs/tinyusb/src/portable/synopsys/dwc2/dcd_dwc2.o
 .text.__NVIC_DisableIRQ
                0x08006718       0x48 ./Libs/tinyusb/src/portable/synopsys/dwc2/dcd_dwc2.o
 .text.dma_setup_prepare
                0x08006760       0x78 ./Libs/tinyusb/src/portable/synopsys/dwc2/dcd_dwc2.o
 .text.dfifo_alloc
                0x080067d8      0x1c4 ./Libs/tinyusb/src/portable/synopsys/dwc2/dcd_dwc2.o
 .text.dfifo_device_init
                0x0800699c       0xac ./Libs/tinyusb/src/portable/synopsys/dwc2/dcd_dwc2.o
 .text.edpt_activate
                0x08006a48      0x13c ./Libs/tinyusb/src/portable/synopsys/dwc2/dcd_dwc2.o
 .text.edpt_disable
                0x08006b84      0x198 ./Libs/tinyusb/src/portable/synopsys/dwc2/dcd_dwc2.o
 .text.edpt_schedule_packets
                0x08006d1c      0x1c4 ./Libs/tinyusb/src/portable/synopsys/dwc2/dcd_dwc2.o
 .text.dcd_init
                0x08006ee0      0x128 ./Libs/tinyusb/src/portable/synopsys/dwc2/dcd_dwc2.o
                0x08006ee0                dcd_init
 .text.dcd_int_enable
                0x08007008       0x50 ./Libs/tinyusb/src/portable/synopsys/dwc2/dcd_dwc2.o
                0x08007008                dcd_int_enable
 .text.dcd_int_disable
                0x08007058       0x50 ./Libs/tinyusb/src/portable/synopsys/dwc2/dcd_dwc2.o
                0x08007058                dcd_int_disable
 .text.dcd_set_address
                0x080070a8       0x78 ./Libs/tinyusb/src/portable/synopsys/dwc2/dcd_dwc2.o
                0x080070a8                dcd_set_address
 .text.dcd_connect
                0x08007120       0x44 ./Libs/tinyusb/src/portable/synopsys/dwc2/dcd_dwc2.o
                0x08007120                dcd_connect
 .text.dcd_disconnect
                0x08007164       0x44 ./Libs/tinyusb/src/portable/synopsys/dwc2/dcd_dwc2.o
                0x08007164                dcd_disconnect
 .text.dcd_sof_enable
                0x080071a8       0x6c ./Libs/tinyusb/src/portable/synopsys/dwc2/dcd_dwc2.o
                0x080071a8                dcd_sof_enable
 .text.dcd_edpt_open
                0x08007214       0x64 ./Libs/tinyusb/src/portable/synopsys/dwc2/dcd_dwc2.o
                0x08007214                dcd_edpt_open
 .text.dcd_edpt_close_all
                0x08007278      0x118 ./Libs/tinyusb/src/portable/synopsys/dwc2/dcd_dwc2.o
                0x08007278                dcd_edpt_close_all
 .text.dcd_edpt_xfer
                0x08007390       0x80 ./Libs/tinyusb/src/portable/synopsys/dwc2/dcd_dwc2.o
                0x08007390                dcd_edpt_xfer
 .text.dcd_edpt_stall
                0x08007410       0x64 ./Libs/tinyusb/src/portable/synopsys/dwc2/dcd_dwc2.o
                0x08007410                dcd_edpt_stall
 .text.dcd_edpt_clear_stall
                0x08007474       0x8c ./Libs/tinyusb/src/portable/synopsys/dwc2/dcd_dwc2.o
                0x08007474                dcd_edpt_clear_stall
 .text.handle_bus_reset
                0x08007500      0x1b4 ./Libs/tinyusb/src/portable/synopsys/dwc2/dcd_dwc2.o
 .text.handle_enum_done
                0x080076b4       0x80 ./Libs/tinyusb/src/portable/synopsys/dwc2/dcd_dwc2.o
 .text.handle_rxflvl_irq
                0x08007734      0x14c ./Libs/tinyusb/src/portable/synopsys/dwc2/dcd_dwc2.o
 .text.handle_epout_slave
                0x08007880      0x100 ./Libs/tinyusb/src/portable/synopsys/dwc2/dcd_dwc2.o
 .text.handle_epin_slave
                0x08007980      0x1b0 ./Libs/tinyusb/src/portable/synopsys/dwc2/dcd_dwc2.o
 .text.handle_ep_irq
                0x08007b30       0xec ./Libs/tinyusb/src/portable/synopsys/dwc2/dcd_dwc2.o
 .text.dcd_int_handler
                0x08007c1c      0x220 ./Libs/tinyusb/src/portable/synopsys/dwc2/dcd_dwc2.o
                0x08007c1c                dcd_int_handler
 .text.dwc2_phy_init
                0x08007e3c       0x54 ./Libs/tinyusb/src/portable/synopsys/dwc2/dwc2_common.o
 .text.dwc2_phy_update
                0x08007e90       0xec ./Libs/tinyusb/src/portable/synopsys/dwc2/dwc2_common.o
 .text.reset_core
                0x08007f7c       0x6c ./Libs/tinyusb/src/portable/synopsys/dwc2/dwc2_common.o
 .text.phy_fs_init
                0x08007fe8       0x50 ./Libs/tinyusb/src/portable/synopsys/dwc2/dwc2_common.o
 .text.phy_hs_init
                0x08008038       0xda ./Libs/tinyusb/src/portable/synopsys/dwc2/dwc2_common.o
 *fill*         0x08008112        0x2 
 .text.check_dwc2
                0x08008114       0x60 ./Libs/tinyusb/src/portable/synopsys/dwc2/dwc2_common.o
 .text.dwc2_core_is_highspeed
                0x08008174       0x36 ./Libs/tinyusb/src/portable/synopsys/dwc2/dwc2_common.o
                0x08008174                dwc2_core_is_highspeed
 *fill*         0x080081aa        0x2 
 .text.dwc2_core_init
                0x080081ac      0x118 ./Libs/tinyusb/src/portable/synopsys/dwc2/dwc2_common.o
                0x080081ac                dwc2_core_init
 .text.dfifo_read_packet
                0x080082c4       0xa2 ./Libs/tinyusb/src/portable/synopsys/dwc2/dwc2_common.o
                0x080082c4                dfifo_read_packet
 .text.dfifo_write_packet
                0x08008366       0x94 ./Libs/tinyusb/src/portable/synopsys/dwc2/dwc2_common.o
                0x08008366                dfifo_write_packet
 .text.tu_edpt_claim
                0x080083fa       0x74 ./Libs/tinyusb/src/tusb.o
                0x080083fa                tu_edpt_claim
 .text.tu_edpt_release
                0x0800846e       0x54 ./Libs/tinyusb/src/tusb.o
                0x0800846e                tu_edpt_release
 *fill*         0x080084c2        0x2 
 .text.tu_edpt_validate
                0x080084c4      0x134 ./Libs/tinyusb/src/tusb.o
                0x080084c4                tu_edpt_validate
 .text.tu_edpt_bind_driver
                0x080085f8       0x8a ./Libs/tinyusb/src/tusb.o
                0x080085f8                tu_edpt_bind_driver
 .text.memset   0x08008682       0x10 C:/ST/STM32CubeIDE_1.18.0/STM32CubeIDE/plugins/com.st.stm32cube.ide.mcu.externaltools.gnu-tools-for-stm32.13.3.rel1.win32_1.0.0.202411081344/tools/bin/../lib/gcc/arm-none-eabi/13.3.1/../../../../arm-none-eabi/lib/thumb/v7e-m+fp/hard\libc_nano.a(libc_a-memset.o)
                0x08008682                memset
 *fill*         0x08008692        0x2 
 .text.__libc_init_array
                0x08008694       0x48 C:/ST/STM32CubeIDE_1.18.0/STM32CubeIDE/plugins/com.st.stm32cube.ide.mcu.externaltools.gnu-tools-for-stm32.13.3.rel1.win32_1.0.0.202411081344/tools/bin/../lib/gcc/arm-none-eabi/13.3.1/../../../../arm-none-eabi/lib/thumb/v7e-m+fp/hard\libc_nano.a(libc_a-init.o)
                0x08008694                __libc_init_array
 .text.memcpy   0x080086dc       0x1c C:/ST/STM32CubeIDE_1.18.0/STM32CubeIDE/plugins/com.st.stm32cube.ide.mcu.externaltools.gnu-tools-for-stm32.13.3.rel1.win32_1.0.0.202411081344/tools/bin/../lib/gcc/arm-none-eabi/13.3.1/../../../../arm-none-eabi/lib/thumb/v7e-m+fp/hard\libc_nano.a(libc_a-memcpy-stub.o)
                0x080086dc                memcpy
 *(.glue_7)
 .glue_7        0x080086f8        0x0 linker stubs
 *(.glue_7t)
 .glue_7t       0x080086f8        0x0 linker stubs
 *(.eh_frame)
 .eh_frame      0x080086f8        0x0 C:/ST/STM32CubeIDE_1.18.0/STM32CubeIDE/plugins/com.st.stm32cube.ide.mcu.externaltools.gnu-tools-for-stm32.13.3.rel1.win32_1.0.0.202411081344/tools/bin/../lib/gcc/arm-none-eabi/13.3.1/thumb/v7e-m+fp/hard/crtbegin.o
 *(.init)
 .init          0x080086f8        0x4 C:/ST/STM32CubeIDE_1.18.0/STM32CubeIDE/plugins/com.st.stm32cube.ide.mcu.externaltools.gnu-tools-for-stm32.13.3.rel1.win32_1.0.0.202411081344/tools/bin/../lib/gcc/arm-none-eabi/13.3.1/thumb/v7e-m+fp/hard/crti.o
                0x080086f8                _init
 .init          0x080086fc        0x8 C:/ST/STM32CubeIDE_1.18.0/STM32CubeIDE/plugins/com.st.stm32cube.ide.mcu.externaltools.gnu-tools-for-stm32.13.3.rel1.win32_1.0.0.202411081344/tools/bin/../lib/gcc/arm-none-eabi/13.3.1/thumb/v7e-m+fp/hard/crtn.o
 *(.fini)
 .fini          0x08008704        0x4 C:/ST/STM32CubeIDE_1.18.0/STM32CubeIDE/plugins/com.st.stm32cube.ide.mcu.externaltools.gnu-tools-for-stm32.13.3.rel1.win32_1.0.0.202411081344/tools/bin/../lib/gcc/arm-none-eabi/13.3.1/thumb/v7e-m+fp/hard/crti.o
                0x08008704                _fini
 .fini          0x08008708        0x8 C:/ST/STM32CubeIDE_1.18.0/STM32CubeIDE/plugins/com.st.stm32cube.ide.mcu.externaltools.gnu-tools-for-stm32.13.3.rel1.win32_1.0.0.202411081344/tools/bin/../lib/gcc/arm-none-eabi/13.3.1/thumb/v7e-m+fp/hard/crtn.o
                0x08008710                        . = ALIGN (0x4)
                0x08008710                        _etext = .

.vfp11_veneer   0x08008710        0x0
 .vfp11_veneer  0x08008710        0x0 linker stubs

.v4_bx          0x08008710        0x0
 .v4_bx         0x08008710        0x0 linker stubs

.iplt           0x08008710        0x0
 .iplt          0x08008710        0x0 C:/ST/STM32CubeIDE_1.18.0/STM32CubeIDE/plugins/com.st.stm32cube.ide.mcu.externaltools.gnu-tools-for-stm32.13.3.rel1.win32_1.0.0.202411081344/tools/bin/../lib/gcc/arm-none-eabi/13.3.1/thumb/v7e-m+fp/hard/crtbegin.o

.rodata         0x08008710      0x258
                0x08008710                        . = ALIGN (0x4)
 *(.rodata)
 .rodata        0x08008710       0x34 ./Core/Src/usb_descriptors.o
 *(.rodata*)
 .rodata.AHBPrescTable
                0x08008744       0x10 ./Core/Src/system_stm32f4xx.o
                0x08008744                AHBPrescTable
 .rodata.APBPrescTable
                0x08008754        0x8 ./Core/Src/system_stm32f4xx.o
                0x08008754                APBPrescTable
 .rodata.desc_device
                0x0800875c       0x12 ./Core/Src/usb_descriptors.o
                0x0800875c                desc_device
 *fill*         0x0800876e        0x2 
 .rodata.desc_fs_configuration
                0x08008770       0x8d ./Core/Src/usb_descriptors.o
                0x08008770                desc_fs_configuration
 *fill*         0x080087fd        0x3 
 .rodata.__compound_literal.0
                0x08008800        0x2 ./Core/Src/usb_descriptors.o
 *fill*         0x08008802        0x2 
 .rodata._usbd_driver
                0x08008804       0x20 ./Libs/tinyusb/src/device/usbd.o
 .rodata._dwc2_controller
                0x08008824       0x20 ./Libs/tinyusb/src/portable/synopsys/dwc2/dcd_dwc2.o
 .rodata._dwc2_controller
                0x08008844       0x20 ./Libs/tinyusb/src/portable/synopsys/dwc2/dwc2_common.o
 .rodata._ctype_
                0x08008864      0x101 C:/ST/STM32CubeIDE_1.18.0/STM32CubeIDE/plugins/com.st.stm32cube.ide.mcu.externaltools.gnu-tools-for-stm32.13.3.rel1.win32_1.0.0.202411081344/tools/bin/../lib/gcc/arm-none-eabi/13.3.1/../../../../arm-none-eabi/lib/thumb/v7e-m+fp/hard\libc_nano.a(libc_a-ctype_.o)
                0x08008864                _ctype_
                0x08008968                        . = ALIGN (0x4)
 *fill*         0x08008965        0x3 

.ARM.extab      0x08008968        0x0
                0x08008968                        . = ALIGN (0x4)
 *(.ARM.extab* .gnu.linkonce.armextab.*)
                0x08008968                        . = ALIGN (0x4)

.ARM            0x08008968        0x8
                0x08008968                        . = ALIGN (0x4)
                0x08008968                        __exidx_start = .
 *(.ARM.exidx*)
 .ARM.exidx     0x08008968        0x8 C:/ST/STM32CubeIDE_1.18.0/STM32CubeIDE/plugins/com.st.stm32cube.ide.mcu.externaltools.gnu-tools-for-stm32.13.3.rel1.win32_1.0.0.202411081344/tools/bin/../lib/gcc/arm-none-eabi/13.3.1/../../../../arm-none-eabi/lib/thumb/v7e-m+fp/hard\libc_nano.a(libc_a-strlen.o)
 .ARM.exidx     0x08008970        0x0 C:/ST/STM32CubeIDE_1.18.0/STM32CubeIDE/plugins/com.st.stm32cube.ide.mcu.externaltools.gnu-tools-for-stm32.13.3.rel1.win32_1.0.0.202411081344/tools/bin/../lib/gcc/arm-none-eabi/13.3.1/thumb/v7e-m+fp/hard\libgcc.a(_udivmoddi4.o)
                                  0x8 (size before relaxing)
                0x08008970                        __exidx_end = .
                0x08008970                        . = ALIGN (0x4)

.preinit_array  0x08008970        0x0
                0x08008970                        . = ALIGN (0x4)
                0x08008970                        PROVIDE (__preinit_array_start = .)
 *(.preinit_array*)
                0x08008970                        PROVIDE (__preinit_array_end = .)
                0x08008970                        . = ALIGN (0x4)

.init_array     0x08008970        0x4
                0x08008970                        . = ALIGN (0x4)
                0x08008970                        PROVIDE (__init_array_start = .)
 *(SORT_BY_NAME(.init_array.*))
 *(.init_array*)
 .init_array    0x08008970        0x4 C:/ST/STM32CubeIDE_1.18.0/STM32CubeIDE/plugins/com.st.stm32cube.ide.mcu.externaltools.gnu-tools-for-stm32.13.3.rel1.win32_1.0.0.202411081344/tools/bin/../lib/gcc/arm-none-eabi/13.3.1/thumb/v7e-m+fp/hard/crtbegin.o
                0x08008974                        PROVIDE (__init_array_end = .)
                0x08008974                        . = ALIGN (0x4)

.fini_array     0x08008974        0x4
                0x08008974                        . = ALIGN (0x4)
                [!provide]                        PROVIDE (__fini_array_start = .)
 *(SORT_BY_NAME(.fini_array.*))
 *(.fini_array*)
 .fini_array    0x08008974        0x4 C:/ST/STM32CubeIDE_1.18.0/STM32CubeIDE/plugins/com.st.stm32cube.ide.mcu.externaltools.gnu-tools-for-stm32.13.3.rel1.win32_1.0.0.202411081344/tools/bin/../lib/gcc/arm-none-eabi/13.3.1/thumb/v7e-m+fp/hard/crtbegin.o
                [!provide]                        PROVIDE (__fini_array_end = .)
                0x08008978                        . = ALIGN (0x4)
                0x08008978                        _sidata = LOADADDR (.data)

.rel.dyn        0x08008978        0x0
 .rel.iplt      0x08008978        0x0 C:/ST/STM32CubeIDE_1.18.0/STM32CubeIDE/plugins/com.st.stm32cube.ide.mcu.externaltools.gnu-tools-for-stm32.13.3.rel1.win32_1.0.0.202411081344/tools/bin/../lib/gcc/arm-none-eabi/13.3.1/thumb/v7e-m+fp/hard/crtbegin.o

.data           0x20000000       0x30 load address 0x08008978
                0x20000000                        . = ALIGN (0x4)
                0x20000000                        _sdata = .
 *(.data)
 *(.data*)
 .data.SystemCoreClock
                0x20000000        0x4 ./Core/Src/system_stm32f4xx.o
                0x20000000                SystemCoreClock
 .data.string_desc_arr
                0x20000004       0x14 ./Core/Src/usb_descriptors.o
                0x20000004                string_desc_arr
 .data.uwTickPrio
                0x20000018        0x4 ./Drivers/STM32F4xx_HAL_Driver/Src/stm32f4xx_hal.o
                0x20000018                uwTickPrio
 .data.uwTickFreq
                0x2000001c        0x1 ./Drivers/STM32F4xx_HAL_Driver/Src/stm32f4xx_hal.o
                0x2000001c                uwTickFreq
 .data._usbd_rhport
                0x2000001d        0x1 ./Libs/tinyusb/src/device/usbd.o
 *fill*         0x2000001e        0x2 
 .data._usbd_qdef
                0x20000020       0x10 ./Libs/tinyusb/src/device/usbd.o
                0x20000020                _usbd_qdef
 *(.RamFunc)
 *(.RamFunc*)
                0x20000030                        . = ALIGN (0x4)
                0x20000030                        _edata = .

.igot.plt       0x20000030        0x0 load address 0x080089a8
 .igot.plt      0x20000030        0x0 C:/ST/STM32CubeIDE_1.18.0/STM32CubeIDE/plugins/com.st.stm32cube.ide.mcu.externaltools.gnu-tools-for-stm32.13.3.rel1.win32_1.0.0.202411081344/tools/bin/../lib/gcc/arm-none-eabi/13.3.1/thumb/v7e-m+fp/hard/crtbegin.o
                0x20000030                        . = ALIGN (0x4)

.bss            0x20000030      0xa64 load address 0x080089a8
                0x20000030                        _sbss = .
                0x20000030                        __bss_start__ = _sbss
 *(.bss)
 .bss           0x20000030       0x1c C:/ST/STM32CubeIDE_1.18.0/STM32CubeIDE/plugins/com.st.stm32cube.ide.mcu.externaltools.gnu-tools-for-stm32.13.3.rel1.win32_1.0.0.202411081344/tools/bin/../lib/gcc/arm-none-eabi/13.3.1/thumb/v7e-m+fp/hard/crtbegin.o
 *(.bss*)
 .bss.huart2    0x2000004c       0x48 ./Core/Src/main.o
                0x2000004c                huart2
 .bss.hpcd_USB_OTG_FS
                0x20000094      0x4e4 ./Core/Src/main.o
                0x20000094                hpcd_USB_OTG_FS
 .bss._desc_str
                0x20000578       0x42 ./Core/Src/usb_descriptors.o
 *fill*         0x200005ba        0x2 
 .bss.uwTick    0x200005bc        0x4 ./Drivers/STM32F4xx_HAL_Driver/Src/stm32f4xx_hal.o
                0x200005bc                uwTick
 .bss._cdcd_itf
                0x200005c0      0x150 ./Libs/tinyusb/src/class/cdc/cdc_device.o
 .bss._cdcd_epbuf
                0x20000710      0x100 ./Libs/tinyusb/src/class/cdc/cdc_device.o
 .bss._cdcd_fifo_cfg
                0x20000810        0x1 ./Libs/tinyusb/src/class/cdc/cdc_device.o
 *fill*         0x20000811        0x3 
 .bss._usbd_dev
                0x20000814       0x2c ./Libs/tinyusb/src/device/usbd.o
 .bss._usbd_queued_setup
                0x20000840        0x1 ./Libs/tinyusb/src/device/usbd.o
 *fill*         0x20000841        0x3 
 .bss._app_driver
                0x20000844        0x4 ./Libs/tinyusb/src/device/usbd.o
 .bss._app_driver_count
                0x20000848        0x1 ./Libs/tinyusb/src/device/usbd.o
 *fill*         0x20000849        0x3 
 .bss._usbd_qdef_buf
                0x2000084c       0xc0 ./Libs/tinyusb/src/device/usbd.o
                0x2000084c                _usbd_qdef_buf
 .bss._usbd_q   0x2000090c        0x4 ./Libs/tinyusb/src/device/usbd.o
 .bss._ctrl_xfer
                0x20000910       0x14 ./Libs/tinyusb/src/device/usbd_control.o
 .bss._ctrl_epbuf
                0x20000924       0x40 ./Libs/tinyusb/src/device/usbd_control.o
 .bss.xfer_status
                0x20000964      0x120 ./Libs/tinyusb/src/portable/synopsys/dwc2/dcd_dwc2.o
 .bss._dcd_data
                0x20000a84        0x8 ./Libs/tinyusb/src/portable/synopsys/dwc2/dcd_dwc2.o
 .bss._dcd_usbbuf
                0x20000a8c        0x8 ./Libs/tinyusb/src/portable/synopsys/dwc2/dcd_dwc2.o
 *(COMMON)
                0x20000a94                        . = ALIGN (0x4)
                0x20000a94                        _ebss = .
                0x20000a94                        __bss_end__ = _ebss

._user_heap_stack
                0x20000a94      0x604 load address 0x080089a8
                0x20000a98                        . = ALIGN (0x8)
 *fill*         0x20000a94        0x4 
                [!provide]                        PROVIDE (end = .)
                0x20000a98                        PROVIDE (_end = .)
                0x20000c98                        . = (. + _Min_Heap_Size)
 *fill*         0x20000a98      0x200 
                0x20001098                        . = (. + _Min_Stack_Size)
 *fill*         0x20000c98      0x400 
                0x20001098                        . = ALIGN (0x8)

/DISCARD/
 libc.a(*)
 libm.a(*)
 libgcc.a(*)

.ARM.attributes
                0x00000000       0x30
 *(.ARM.attributes)
 .ARM.attributes
                0x00000000       0x22 C:/ST/STM32CubeIDE_1.18.0/STM32CubeIDE/plugins/com.st.stm32cube.ide.mcu.externaltools.gnu-tools-for-stm32.13.3.rel1.win32_1.0.0.202411081344/tools/bin/../lib/gcc/arm-none-eabi/13.3.1/thumb/v7e-m+fp/hard/crti.o
 .ARM.attributes
                0x00000022       0x34 C:/ST/STM32CubeIDE_1.18.0/STM32CubeIDE/plugins/com.st.stm32cube.ide.mcu.externaltools.gnu-tools-for-stm32.13.3.rel1.win32_1.0.0.202411081344/tools/bin/../lib/gcc/arm-none-eabi/13.3.1/thumb/v7e-m+fp/hard/crtbegin.o
 .ARM.attributes
                0x00000056       0x34 ./Core/Src/main.o
 .ARM.attributes
                0x0000008a       0x34 ./Core/Src/stm32f4xx_hal_msp.o
 .ARM.attributes
                0x000000be       0x34 ./Core/Src/stm32f4xx_it.o
 .ARM.attributes
                0x000000f2       0x34 ./Core/Src/system_stm32f4xx.o
 .ARM.attributes
                0x00000126       0x34 ./Core/Src/usb_descriptors.o
 .ARM.attributes
                0x0000015a       0x21 ./Core/Startup/startup_stm32f446retx.o
 .ARM.attributes
                0x0000017b       0x34 ./Drivers/STM32F4xx_HAL_Driver/Src/stm32f4xx_hal.o
 .ARM.attributes
                0x000001af       0x34 ./Drivers/STM32F4xx_HAL_Driver/Src/stm32f4xx_hal_cortex.o
 .ARM.attributes
                0x000001e3       0x34 ./Drivers/STM32F4xx_HAL_Driver/Src/stm32f4xx_hal_gpio.o
 .ARM.attributes
                0x00000217       0x34 ./Drivers/STM32F4xx_HAL_Driver/Src/stm32f4xx_hal_pcd.o
 .ARM.attributes
                0x0000024b       0x34 ./Drivers/STM32F4xx_HAL_Driver/Src/stm32f4xx_hal_pcd_ex.o
 .ARM.attributes
                0x0000027f       0x34 ./Drivers/STM32F4xx_HAL_Driver/Src/stm32f4xx_hal_rcc.o
 .ARM.attributes
                0x000002b3       0x34 ./Drivers/STM32F4xx_HAL_Driver/Src/stm32f4xx_hal_rcc_ex.o
 .ARM.attributes
                0x000002e7       0x34 ./Drivers/STM32F4xx_HAL_Driver/Src/stm32f4xx_hal_uart.o
 .ARM.attributes
                0x0000031b       0x34 ./Drivers/STM32F4xx_HAL_Driver/Src/stm32f4xx_ll_usb.o
 .ARM.attributes
                0x0000034f       0x34 ./Libs/tinyusb/src/class/cdc/cdc_device.o
 .ARM.attributes
                0x00000383       0x34 ./Libs/tinyusb/src/common/tusb_fifo.o
 .ARM.attributes
                0x000003b7       0x34 ./Libs/tinyusb/src/device/usbd.o
 .ARM.attributes
                0x000003eb       0x34 ./Libs/tinyusb/src/device/usbd_control.o
 .ARM.attributes
                0x0000041f       0x34 ./Libs/tinyusb/src/portable/synopsys/dwc2/dcd_dwc2.o
 .ARM.attributes
                0x00000453       0x34 ./Libs/tinyusb/src/portable/synopsys/dwc2/dwc2_common.o
 .ARM.attributes
                0x00000487       0x34 ./Libs/tinyusb/src/tusb.o
 .ARM.attributes
                0x000004bb       0x34 C:/ST/STM32CubeIDE_1.18.0/STM32CubeIDE/plugins/com.st.stm32cube.ide.mcu.externaltools.gnu-tools-for-stm32.13.3.rel1.win32_1.0.0.202411081344/tools/bin/../lib/gcc/arm-none-eabi/13.3.1/../../../../arm-none-eabi/lib/thumb/v7e-m+fp/hard\libc_nano.a(libc_a-ctype_.o)
 .ARM.attributes
                0x000004ef       0x34 C:/ST/STM32CubeIDE_1.18.0/STM32CubeIDE/plugins/com.st.stm32cube.ide.mcu.externaltools.gnu-tools-for-stm32.13.3.rel1.win32_1.0.0.202411081344/tools/bin/../lib/gcc/arm-none-eabi/13.3.1/../../../../arm-none-eabi/lib/thumb/v7e-m+fp/hard\libc_nano.a(libc_a-memset.o)
 .ARM.attributes
                0x00000523       0x34 C:/ST/STM32CubeIDE_1.18.0/STM32CubeIDE/plugins/com.st.stm32cube.ide.mcu.externaltools.gnu-tools-for-stm32.13.3.rel1.win32_1.0.0.202411081344/tools/bin/../lib/gcc/arm-none-eabi/13.3.1/../../../../arm-none-eabi/lib/thumb/v7e-m+fp/hard\libc_nano.a(libc_a-init.o)
 .ARM.attributes
                0x00000557       0x34 C:/ST/STM32CubeIDE_1.18.0/STM32CubeIDE/plugins/com.st.stm32cube.ide.mcu.externaltools.gnu-tools-for-stm32.13.3.rel1.win32_1.0.0.202411081344/tools/bin/../lib/gcc/arm-none-eabi/13.3.1/../../../../arm-none-eabi/lib/thumb/v7e-m+fp/hard\libc_nano.a(libc_a-memcpy-stub.o)
 .ARM.attributes
                0x0000058b       0x17 C:/ST/STM32CubeIDE_1.18.0/STM32CubeIDE/plugins/com.st.stm32cube.ide.mcu.externaltools.gnu-tools-for-stm32.13.3.rel1.win32_1.0.0.202411081344/tools/bin/../lib/gcc/arm-none-eabi/13.3.1/../../../../arm-none-eabi/lib/thumb/v7e-m+fp/hard\libc_nano.a(libc_a-strlen.o)
 .ARM.attributes
                0x000005a2       0x22 C:/ST/STM32CubeIDE_1.18.0/STM32CubeIDE/plugins/com.st.stm32cube.ide.mcu.externaltools.gnu-tools-for-stm32.13.3.rel1.win32_1.0.0.202411081344/tools/bin/../lib/gcc/arm-none-eabi/13.3.1/thumb/v7e-m+fp/hard\libgcc.a(_aeabi_uldivmod.o)
 .ARM.attributes
                0x000005c4       0x34 C:/ST/STM32CubeIDE_1.18.0/STM32CubeIDE/plugins/com.st.stm32cube.ide.mcu.externaltools.gnu-tools-for-stm32.13.3.rel1.win32_1.0.0.202411081344/tools/bin/../lib/gcc/arm-none-eabi/13.3.1/thumb/v7e-m+fp/hard\libgcc.a(_udivmoddi4.o)
 .ARM.attributes
                0x000005f8       0x22 C:/ST/STM32CubeIDE_1.18.0/STM32CubeIDE/plugins/com.st.stm32cube.ide.mcu.externaltools.gnu-tools-for-stm32.13.3.rel1.win32_1.0.0.202411081344/tools/bin/../lib/gcc/arm-none-eabi/13.3.1/thumb/v7e-m+fp/hard\libgcc.a(_dvmd_tls.o)
 .ARM.attributes
                0x0000061a       0x22 C:/ST/STM32CubeIDE_1.18.0/STM32CubeIDE/plugins/com.st.stm32cube.ide.mcu.externaltools.gnu-tools-for-stm32.13.3.rel1.win32_1.0.0.202411081344/tools/bin/../lib/gcc/arm-none-eabi/13.3.1/thumb/v7e-m+fp/hard/crtn.o
OUTPUT(myTinyUSB.elf elf32-littlearm)
LOAD linker stubs
LOAD C:/ST/STM32CubeIDE_1.18.0/STM32CubeIDE/plugins/com.st.stm32cube.ide.mcu.externaltools.gnu-tools-for-stm32.13.3.rel1.win32_1.0.0.202411081344/tools/bin/../lib/gcc/arm-none-eabi/13.3.1/../../../../arm-none-eabi/lib/thumb/v7e-m+fp/hard\libc.a
LOAD C:/ST/STM32CubeIDE_1.18.0/STM32CubeIDE/plugins/com.st.stm32cube.ide.mcu.externaltools.gnu-tools-for-stm32.13.3.rel1.win32_1.0.0.202411081344/tools/bin/../lib/gcc/arm-none-eabi/13.3.1/../../../../arm-none-eabi/lib/thumb/v7e-m+fp/hard\libm.a
LOAD C:/ST/STM32CubeIDE_1.18.0/STM32CubeIDE/plugins/com.st.stm32cube.ide.mcu.externaltools.gnu-tools-for-stm32.13.3.rel1.win32_1.0.0.202411081344/tools/bin/../lib/gcc/arm-none-eabi/13.3.1/thumb/v7e-m+fp/hard\libgcc.a

.debug_info     0x00000000    0x1a7bf
 .debug_info    0x00000000     0x1457 ./Core/Src/main.o
 .debug_info    0x00001457     0x1311 ./Core/Src/stm32f4xx_hal_msp.o
 .debug_info    0x00002768      0x158 ./Core/Src/stm32f4xx_it.o
 .debug_info    0x000028c0      0x54a ./Core/Src/system_stm32f4xx.o
 .debug_info    0x00002e0a      0x742 ./Core/Src/usb_descriptors.o
 .debug_info    0x0000354c       0x30 ./Core/Startup/startup_stm32f446retx.o
 .debug_info    0x0000357c      0x99a ./Drivers/STM32F4xx_HAL_Driver/Src/stm32f4xx_hal.o
 .debug_info    0x00003f16      0xdaa ./Drivers/STM32F4xx_HAL_Driver/Src/stm32f4xx_hal_cortex.o
 .debug_info    0x00004cc0      0x70b ./Drivers/STM32F4xx_HAL_Driver/Src/stm32f4xx_hal_gpio.o
 .debug_info    0x000053cb     0x15e3 ./Drivers/STM32F4xx_HAL_Driver/Src/stm32f4xx_hal_pcd.o
 .debug_info    0x000069ae      0x7b4 ./Drivers/STM32F4xx_HAL_Driver/Src/stm32f4xx_hal_pcd_ex.o
 .debug_info    0x00007162      0x8eb ./Drivers/STM32F4xx_HAL_Driver/Src/stm32f4xx_hal_rcc.o
 .debug_info    0x00007a4d      0x956 ./Drivers/STM32F4xx_HAL_Driver/Src/stm32f4xx_hal_rcc_ex.o
 .debug_info    0x000083a3     0x2f4f ./Drivers/STM32F4xx_HAL_Driver/Src/stm32f4xx_hal_uart.o
 .debug_info    0x0000b2f2     0x19f1 ./Drivers/STM32F4xx_HAL_Driver/Src/stm32f4xx_ll_usb.o
 .debug_info    0x0000cce3     0x141a ./Libs/tinyusb/src/class/cdc/cdc_device.o
 .debug_info    0x0000e0fd     0x13b1 ./Libs/tinyusb/src/common/tusb_fifo.o
 .debug_info    0x0000f4ae     0x2dea ./Libs/tinyusb/src/device/usbd.o
 .debug_info    0x00012298      0x751 ./Libs/tinyusb/src/device/usbd_control.o
 .debug_info    0x000129e9     0x4309 ./Libs/tinyusb/src/portable/synopsys/dwc2/dcd_dwc2.o
 .debug_info    0x00016cf2     0x25cb ./Libs/tinyusb/src/portable/synopsys/dwc2/dwc2_common.o
 .debug_info    0x000192bd     0x1502 ./Libs/tinyusb/src/tusb.o

.debug_abbrev   0x00000000     0x3d0f
 .debug_abbrev  0x00000000      0x3d6 ./Core/Src/main.o
 .debug_abbrev  0x000003d6      0x238 ./Core/Src/stm32f4xx_hal_msp.o
 .debug_abbrev  0x0000060e       0xa0 ./Core/Src/stm32f4xx_it.o
 .debug_abbrev  0x000006ae      0x11a ./Core/Src/system_stm32f4xx.o
 .debug_abbrev  0x000007c8      0x1d5 ./Core/Src/usb_descriptors.o
 .debug_abbrev  0x0000099d       0x24 ./Core/Startup/startup_stm32f446retx.o
 .debug_abbrev  0x000009c1      0x214 ./Drivers/STM32F4xx_HAL_Driver/Src/stm32f4xx_hal.o
 .debug_abbrev  0x00000bd5      0x31d ./Drivers/STM32F4xx_HAL_Driver/Src/stm32f4xx_hal_cortex.o
 .debug_abbrev  0x00000ef2      0x1d4 ./Drivers/STM32F4xx_HAL_Driver/Src/stm32f4xx_hal_gpio.o
 .debug_abbrev  0x000010c6      0x2d0 ./Drivers/STM32F4xx_HAL_Driver/Src/stm32f4xx_hal_pcd.o
 .debug_abbrev  0x00001396      0x1dd ./Drivers/STM32F4xx_HAL_Driver/Src/stm32f4xx_hal_pcd_ex.o
 .debug_abbrev  0x00001573      0x2b7 ./Drivers/STM32F4xx_HAL_Driver/Src/stm32f4xx_hal_rcc.o
 .debug_abbrev  0x0000182a      0x20a ./Drivers/STM32F4xx_HAL_Driver/Src/stm32f4xx_hal_rcc_ex.o
 .debug_abbrev  0x00001a34      0x30e ./Drivers/STM32F4xx_HAL_Driver/Src/stm32f4xx_hal_uart.o
 .debug_abbrev  0x00001d42      0x2b3 ./Drivers/STM32F4xx_HAL_Driver/Src/stm32f4xx_ll_usb.o
 .debug_abbrev  0x00001ff5      0x485 ./Libs/tinyusb/src/class/cdc/cdc_device.o
 .debug_abbrev  0x0000247a      0x323 ./Libs/tinyusb/src/common/tusb_fifo.o
 .debug_abbrev  0x0000279d      0x54c ./Libs/tinyusb/src/device/usbd.o
 .debug_abbrev  0x00002ce9      0x309 ./Libs/tinyusb/src/device/usbd_control.o
 .debug_abbrev  0x00002ff2      0x55a ./Libs/tinyusb/src/portable/synopsys/dwc2/dcd_dwc2.o
 .debug_abbrev  0x0000354c      0x3f5 ./Libs/tinyusb/src/portable/synopsys/dwc2/dwc2_common.o
 .debug_abbrev  0x00003941      0x3ce ./Libs/tinyusb/src/tusb.o

.debug_aranges  0x00000000     0x1068
 .debug_aranges
                0x00000000       0x68 ./Core/Src/main.o
 .debug_aranges
                0x00000068       0x40 ./Core/Src/stm32f4xx_hal_msp.o
 .debug_aranges
                0x000000a8       0x68 ./Core/Src/stm32f4xx_it.o
 .debug_aranges
                0x00000110       0x28 ./Core/Src/system_stm32f4xx.o
 .debug_aranges
                0x00000138       0x38 ./Core/Src/usb_descriptors.o
 .debug_aranges
                0x00000170       0x28 ./Core/Startup/startup_stm32f446retx.o
 .debug_aranges
                0x00000198       0xf0 ./Drivers/STM32F4xx_HAL_Driver/Src/stm32f4xx_hal.o
 .debug_aranges
                0x00000288      0x130 ./Drivers/STM32F4xx_HAL_Driver/Src/stm32f4xx_hal_cortex.o
 .debug_aranges
                0x000003b8       0x58 ./Drivers/STM32F4xx_HAL_Driver/Src/stm32f4xx_hal_gpio.o
 .debug_aranges
                0x00000410      0x148 ./Drivers/STM32F4xx_HAL_Driver/Src/stm32f4xx_hal_pcd.o
 .debug_aranges
                0x00000558       0x48 ./Drivers/STM32F4xx_HAL_Driver/Src/stm32f4xx_hal_pcd_ex.o
 .debug_aranges
                0x000005a0       0x88 ./Drivers/STM32F4xx_HAL_Driver/Src/stm32f4xx_hal_rcc.o
 .debug_aranges
                0x00000628       0x78 ./Drivers/STM32F4xx_HAL_Driver/Src/stm32f4xx_hal_rcc_ex.o
 .debug_aranges
                0x000006a0      0x208 ./Drivers/STM32F4xx_HAL_Driver/Src/stm32f4xx_hal_uart.o
 .debug_aranges
                0x000008a8      0x1a0 ./Drivers/STM32F4xx_HAL_Driver/Src/stm32f4xx_ll_usb.o
 .debug_aranges
                0x00000a48       0xc0 ./Libs/tinyusb/src/class/cdc/cdc_device.o
 .debug_aranges
                0x00000b08      0x118 ./Libs/tinyusb/src/common/tusb_fifo.o
 .debug_aranges
                0x00000c20      0x1b8 ./Libs/tinyusb/src/device/usbd.o
 .debug_aranges
                0x00000dd8       0x60 ./Libs/tinyusb/src/device/usbd_control.o
 .debug_aranges
                0x00000e38      0x110 ./Libs/tinyusb/src/portable/synopsys/dwc2/dcd_dwc2.o
 .debug_aranges
                0x00000f48       0x68 ./Libs/tinyusb/src/portable/synopsys/dwc2/dwc2_common.o
 .debug_aranges
                0x00000fb0       0xb8 ./Libs/tinyusb/src/tusb.o

.debug_rnglists
                0x00000000      0xd21
 .debug_rnglists
                0x00000000       0x4c ./Core/Src/main.o
 .debug_rnglists
                0x0000004c       0x2d ./Core/Src/stm32f4xx_hal_msp.o
 .debug_rnglists
                0x00000079       0x49 ./Core/Src/stm32f4xx_it.o
 .debug_rnglists
                0x000000c2       0x1a ./Core/Src/system_stm32f4xx.o
 .debug_rnglists
                0x000000dc       0x27 ./Core/Src/usb_descriptors.o
 .debug_rnglists
                0x00000103       0x19 ./Core/Startup/startup_stm32f446retx.o
 .debug_rnglists
                0x0000011c       0xaf ./Drivers/STM32F4xx_HAL_Driver/Src/stm32f4xx_hal.o
 .debug_rnglists
                0x000001cb       0xe0 ./Drivers/STM32F4xx_HAL_Driver/Src/stm32f4xx_hal_cortex.o
 .debug_rnglists
                0x000002ab       0x3f ./Drivers/STM32F4xx_HAL_Driver/Src/stm32f4xx_hal_gpio.o
 .debug_rnglists
                0x000002ea       0xfa ./Drivers/STM32F4xx_HAL_Driver/Src/stm32f4xx_hal_pcd.o
 .debug_rnglists
                0x000003e4       0x32 ./Drivers/STM32F4xx_HAL_Driver/Src/stm32f4xx_hal_pcd_ex.o
 .debug_rnglists
                0x00000416       0x66 ./Drivers/STM32F4xx_HAL_Driver/Src/stm32f4xx_hal_rcc.o
 .debug_rnglists
                0x0000047c       0x5e ./Drivers/STM32F4xx_HAL_Driver/Src/stm32f4xx_hal_rcc_ex.o
 .debug_rnglists
                0x000004da      0x1bc ./Drivers/STM32F4xx_HAL_Driver/Src/stm32f4xx_hal_uart.o
 .debug_rnglists
                0x00000696      0x147 ./Drivers/STM32F4xx_HAL_Driver/Src/stm32f4xx_ll_usb.o
 .debug_rnglists
                0x000007dd       0x92 ./Libs/tinyusb/src/class/cdc/cdc_device.o
 .debug_rnglists
                0x0000086f       0xd5 ./Libs/tinyusb/src/common/tusb_fifo.o
 .debug_rnglists
                0x00000944      0x1ac ./Libs/tinyusb/src/device/usbd.o
 .debug_rnglists
                0x00000af0       0x46 ./Libs/tinyusb/src/device/usbd_control.o
 .debug_rnglists
                0x00000b36       0xf6 ./Libs/tinyusb/src/portable/synopsys/dwc2/dcd_dwc2.o
 .debug_rnglists
                0x00000c2c       0x4e ./Libs/tinyusb/src/portable/synopsys/dwc2/dwc2_common.o
 .debug_rnglists
                0x00000c7a       0xa7 ./Libs/tinyusb/src/tusb.o

.debug_macro    0x00000000    0x26c38
 .debug_macro   0x00000000      0x3e6 ./Core/Src/main.o
 .debug_macro   0x000003e6      0xad8 ./Core/Src/main.o
 .debug_macro   0x00000ebe      0x29b ./Core/Src/main.o
 .debug_macro   0x00001159       0x2e ./Core/Src/main.o
 .debug_macro   0x00001187       0x28 ./Core/Src/main.o
 .debug_macro   0x000011af       0x22 ./Core/Src/main.o
 .debug_macro   0x000011d1       0x8e ./Core/Src/main.o
 .debug_macro   0x0000125f       0x51 ./Core/Src/main.o
 .debug_macro   0x000012b0      0x103 ./Core/Src/main.o
 .debug_macro   0x000013b3       0x6a ./Core/Src/main.o
 .debug_macro   0x0000141d      0x1df ./Core/Src/main.o
 .debug_macro   0x000015fc       0x1c ./Core/Src/main.o
 .debug_macro   0x00001618       0x22 ./Core/Src/main.o
 .debug_macro   0x0000163a       0xfb ./Core/Src/main.o
 .debug_macro   0x00001735     0x1011 ./Core/Src/main.o
 .debug_macro   0x00002746      0x11f ./Core/Src/main.o
 .debug_macro   0x00002865    0x16749 ./Core/Src/main.o
 .debug_macro   0x00018fae       0x6d ./Core/Src/main.o
 .debug_macro   0x0001901b     0x369a ./Core/Src/main.o
 .debug_macro   0x0001c6b5      0x190 ./Core/Src/main.o
 .debug_macro   0x0001c845       0x5c ./Core/Src/main.o
 .debug_macro   0x0001c8a1      0xca5 ./Core/Src/main.o
 .debug_macro   0x0001d546      0x9e9 ./Core/Src/main.o
 .debug_macro   0x0001df2f      0x115 ./Core/Src/main.o
 .debug_macro   0x0001e044      0x1a0 ./Core/Src/main.o
 .debug_macro   0x0001e1e4       0xa5 ./Core/Src/main.o
 .debug_macro   0x0001e289      0x16d ./Core/Src/main.o
 .debug_macro   0x0001e3f6      0x287 ./Core/Src/main.o
 .debug_macro   0x0001e67d       0x5f ./Core/Src/main.o
 .debug_macro   0x0001e6dc      0x236 ./Core/Src/main.o
 .debug_macro   0x0001e912      0x132 ./Core/Src/main.o
 .debug_macro   0x0001ea44      0x29c ./Core/Src/main.o
 .debug_macro   0x0001ece0       0x2e ./Core/Src/main.o
 .debug_macro   0x0001ed0e      0x127 ./Core/Src/main.o
 .debug_macro   0x0001ee35       0xe8 ./Core/Src/main.o
 .debug_macro   0x0001ef1d       0x89 ./Core/Src/main.o
 .debug_macro   0x0001efa6      0x2aa ./Core/Src/main.o
 .debug_macro   0x0001f250      0x293 ./Core/Src/main.o
 .debug_macro   0x0001f4e3       0xba ./Core/Src/main.o
 .debug_macro   0x0001f59d      0x126 ./Core/Src/main.o
 .debug_macro   0x0001f6c3       0x58 ./Core/Src/main.o
 .debug_macro   0x0001f71b       0x70 ./Core/Src/main.o
 .debug_macro   0x0001f78b       0x22 ./Core/Src/main.o
 .debug_macro   0x0001f7ad       0x61 ./Core/Src/main.o
 .debug_macro   0x0001f80e       0x2a ./Core/Src/main.o
 .debug_macro   0x0001f838       0x43 ./Core/Src/main.o
 .debug_macro   0x0001f87b       0x3a ./Core/Src/main.o
 .debug_macro   0x0001f8b5       0x3c ./Core/Src/main.o
 .debug_macro   0x0001f8f1      0x460 ./Core/Src/main.o
 .debug_macro   0x0001fd51      0x370 ./Core/Src/main.o
 .debug_macro   0x000200c1       0x16 ./Core/Src/main.o
 .debug_macro   0x000200d7       0x4a ./Core/Src/main.o
 .debug_macro   0x00020121       0x34 ./Core/Src/main.o
 .debug_macro   0x00020155       0x10 ./Core/Src/main.o
 .debug_macro   0x00020165       0x58 ./Core/Src/main.o
 .debug_macro   0x000201bd       0x8e ./Core/Src/main.o
 .debug_macro   0x0002024b       0x1c ./Core/Src/main.o
 .debug_macro   0x00020267      0x185 ./Core/Src/main.o
 .debug_macro   0x000203ec       0x10 ./Core/Src/main.o
 .debug_macro   0x000203fc       0x20 ./Core/Src/main.o
 .debug_macro   0x0002041c       0x1c ./Core/Src/main.o
 .debug_macro   0x00020438       0x10 ./Core/Src/main.o
 .debug_macro   0x00020448       0x1c ./Core/Src/main.o
 .debug_macro   0x00020464       0x16 ./Core/Src/main.o
 .debug_macro   0x0002047a      0x146 ./Core/Src/main.o
 .debug_macro   0x000205c0      0x160 ./Core/Src/main.o
 .debug_macro   0x00020720      0x33a ./Core/Src/main.o
 .debug_macro   0x00020a5a       0x76 ./Core/Src/main.o
 .debug_macro   0x00020ad0       0x48 ./Core/Src/main.o
 .debug_macro   0x00020b18      0x1b6 ./Core/Src/main.o
 .debug_macro   0x00020cce       0x46 ./Core/Src/main.o
 .debug_macro   0x00020d14       0x35 ./Core/Src/main.o
 .debug_macro   0x00020d49       0xc5 ./Core/Src/main.o
 .debug_macro   0x00020e0e       0x25 ./Core/Src/main.o
 .debug_macro   0x00020e33       0x28 ./Core/Src/main.o
 .debug_macro   0x00020e5b       0x1c ./Core/Src/main.o
 .debug_macro   0x00020e77       0x1f ./Core/Src/main.o
 .debug_macro   0x00020e96      0x389 ./Core/Src/main.o
 .debug_macro   0x0002121f       0x2d ./Core/Src/main.o
 .debug_macro   0x0002124c       0x20 ./Core/Src/main.o
 .debug_macro   0x0002126c      0x11f ./Core/Src/main.o
 .debug_macro   0x0002138b      0x1ed ./Core/Src/stm32f4xx_hal_msp.o
 .debug_macro   0x00021578      0x3e7 ./Core/Src/stm32f4xx_it.o
 .debug_macro   0x0002195f      0x1de ./Core/Src/system_stm32f4xx.o
 .debug_macro   0x00021b3d      0x2ad ./Core/Src/usb_descriptors.o
 .debug_macro   0x00021dea       0x89 ./Core/Src/usb_descriptors.o
 .debug_macro   0x00021e73      0x119 ./Core/Src/usb_descriptors.o
 .debug_macro   0x00021f8c      0x23e ./Drivers/STM32F4xx_HAL_Driver/Src/stm32f4xx_hal.o
 .debug_macro   0x000221ca      0x1de ./Drivers/STM32F4xx_HAL_Driver/Src/stm32f4xx_hal_cortex.o
 .debug_macro   0x000223a8      0x1e4 ./Drivers/STM32F4xx_HAL_Driver/Src/stm32f4xx_hal_gpio.o
 .debug_macro   0x0002258c      0x1ea ./Drivers/STM32F4xx_HAL_Driver/Src/stm32f4xx_hal_pcd.o
 .debug_macro   0x00022776      0x1de ./Drivers/STM32F4xx_HAL_Driver/Src/stm32f4xx_hal_pcd_ex.o
 .debug_macro   0x00022954      0x202 ./Drivers/STM32F4xx_HAL_Driver/Src/stm32f4xx_hal_rcc.o
 .debug_macro   0x00022b56      0x1de ./Drivers/STM32F4xx_HAL_Driver/Src/stm32f4xx_hal_rcc_ex.o
 .debug_macro   0x00022d34      0x1df ./Drivers/STM32F4xx_HAL_Driver/Src/stm32f4xx_hal_uart.o
 .debug_macro   0x00022f13      0x1de ./Drivers/STM32F4xx_HAL_Driver/Src/stm32f4xx_ll_usb.o
 .debug_macro   0x000230f1      0x26c ./Libs/tinyusb/src/class/cdc/cdc_device.o
 .debug_macro   0x0002335d      0x383 ./Libs/tinyusb/src/class/cdc/cdc_device.o
 .debug_macro   0x000236e0       0x2e ./Libs/tinyusb/src/class/cdc/cdc_device.o
 .debug_macro   0x0002370e       0x10 ./Libs/tinyusb/src/class/cdc/cdc_device.o
 .debug_macro   0x0002371e      0x235 ./Libs/tinyusb/src/common/tusb_fifo.o
 .debug_macro   0x00023953      0x291 ./Libs/tinyusb/src/device/usbd.o
 .debug_macro   0x00023be4       0x10 ./Libs/tinyusb/src/device/usbd.o
 .debug_macro   0x00023bf4      0x279 ./Libs/tinyusb/src/device/usbd_control.o
 .debug_macro   0x00023e6d      0x3cd ./Libs/tinyusb/src/portable/synopsys/dwc2/dcd_dwc2.o
 .debug_macro   0x0002423a     0x233e ./Libs/tinyusb/src/portable/synopsys/dwc2/dcd_dwc2.o
 .debug_macro   0x00026578       0x56 ./Libs/tinyusb/src/portable/synopsys/dwc2/dcd_dwc2.o
 .debug_macro   0x000265ce       0x30 ./Libs/tinyusb/src/portable/synopsys/dwc2/dcd_dwc2.o
 .debug_macro   0x000265fe      0x3c1 ./Libs/tinyusb/src/portable/synopsys/dwc2/dwc2_common.o
 .debug_macro   0x000269bf      0x279 ./Libs/tinyusb/src/tusb.o

.debug_line     0x00000000    0x15d45
 .debug_line    0x00000000      0xd82 ./Core/Src/main.o
 .debug_line    0x00000d82      0x813 ./Core/Src/stm32f4xx_hal_msp.o
 .debug_line    0x00001595      0xc2b ./Core/Src/stm32f4xx_it.o
 .debug_line    0x000021c0      0x7e1 ./Core/Src/system_stm32f4xx.o
 .debug_line    0x000029a1      0x9ac ./Core/Src/usb_descriptors.o
 .debug_line    0x0000334d       0x7a ./Core/Startup/startup_stm32f446retx.o
 .debug_line    0x000033c7      0xa4e ./Drivers/STM32F4xx_HAL_Driver/Src/stm32f4xx_hal.o
 .debug_line    0x00003e15      0xd1e ./Drivers/STM32F4xx_HAL_Driver/Src/stm32f4xx_hal_cortex.o
 .debug_line    0x00004b33      0xb92 ./Drivers/STM32F4xx_HAL_Driver/Src/stm32f4xx_hal_gpio.o
 .debug_line    0x000056c5     0x14c3 ./Drivers/STM32F4xx_HAL_Driver/Src/stm32f4xx_hal_pcd.o
 .debug_line    0x00006b88      0x86e ./Drivers/STM32F4xx_HAL_Driver/Src/stm32f4xx_hal_pcd_ex.o
 .debug_line    0x000073f6      0xe69 ./Drivers/STM32F4xx_HAL_Driver/Src/stm32f4xx_hal_rcc.o
 .debug_line    0x0000825f     0x151a ./Drivers/STM32F4xx_HAL_Driver/Src/stm32f4xx_hal_rcc_ex.o
 .debug_line    0x00009779     0x255d ./Drivers/STM32F4xx_HAL_Driver/Src/stm32f4xx_hal_uart.o
 .debug_line    0x0000bcd6     0x1d63 ./Drivers/STM32F4xx_HAL_Driver/Src/stm32f4xx_ll_usb.o
 .debug_line    0x0000da39     0x1010 ./Libs/tinyusb/src/class/cdc/cdc_device.o
 .debug_line    0x0000ea49     0x11c5 ./Libs/tinyusb/src/common/tusb_fifo.o
 .debug_line    0x0000fc0e     0x1b84 ./Libs/tinyusb/src/device/usbd.o
 .debug_line    0x00011792      0xad4 ./Libs/tinyusb/src/device/usbd_control.o
 .debug_line    0x00012266     0x1b3b ./Libs/tinyusb/src/portable/synopsys/dwc2/dcd_dwc2.o
 .debug_line    0x00013da1      0xed3 ./Libs/tinyusb/src/portable/synopsys/dwc2/dwc2_common.o
 .debug_line    0x00014c74     0x10d1 ./Libs/tinyusb/src/tusb.o

.debug_str      0x00000000    0xe4dff
 .debug_str     0x00000000    0xe4dff ./Core/Src/main.o
                              0xd3a14 (size before relaxing)
 .debug_str     0x000e4dff    0xc4b75 ./Core/Src/stm32f4xx_hal_msp.o
 .debug_str     0x000e4dff    0xd24f9 ./Core/Src/stm32f4xx_it.o
 .debug_str     0x000e4dff    0xc3a65 ./Core/Src/system_stm32f4xx.o
 .debug_str     0x000e4dff    0x13b19 ./Core/Src/usb_descriptors.o
 .debug_str     0x000e4dff       0x83 ./Core/Startup/startup_stm32f446retx.o
 .debug_str     0x000e4dff    0xc462a ./Drivers/STM32F4xx_HAL_Driver/Src/stm32f4xx_hal.o
 .debug_str     0x000e4dff    0xc4381 ./Drivers/STM32F4xx_HAL_Driver/Src/stm32f4xx_hal_cortex.o
 .debug_str     0x000e4dff    0xc3be0 ./Drivers/STM32F4xx_HAL_Driver/Src/stm32f4xx_hal_gpio.o
 .debug_str     0x000e4dff    0xc4576 ./Drivers/STM32F4xx_HAL_Driver/Src/stm32f4xx_hal_pcd.o
 .debug_str     0x000e4dff    0xc3e78 ./Drivers/STM32F4xx_HAL_Driver/Src/stm32f4xx_hal_pcd_ex.o
 .debug_str     0x000e4dff    0xc3e9e ./Drivers/STM32F4xx_HAL_Driver/Src/stm32f4xx_hal_rcc.o
 .debug_str     0x000e4dff    0xc3ed1 ./Drivers/STM32F4xx_HAL_Driver/Src/stm32f4xx_hal_rcc_ex.o
 .debug_str     0x000e4dff    0xc4455 ./Drivers/STM32F4xx_HAL_Driver/Src/stm32f4xx_hal_uart.o
 .debug_str     0x000e4dff    0xc4432 ./Drivers/STM32F4xx_HAL_Driver/Src/stm32f4xx_ll_usb.o
 .debug_str     0x000e4dff    0x13f02 ./Libs/tinyusb/src/class/cdc/cdc_device.o
 .debug_str     0x000e4dff     0xc35b ./Libs/tinyusb/src/common/tusb_fifo.o
 .debug_str     0x000e4dff    0x142ad ./Libs/tinyusb/src/device/usbd.o
 .debug_str     0x000e4dff    0x12fdf ./Libs/tinyusb/src/device/usbd_control.o
 .debug_str     0x000e4dff    0xd9a67 ./Libs/tinyusb/src/portable/synopsys/dwc2/dcd_dwc2.o
 .debug_str     0x000e4dff    0xd90c4 ./Libs/tinyusb/src/portable/synopsys/dwc2/dwc2_common.o
 .debug_str     0x000e4dff    0x13641 ./Libs/tinyusb/src/tusb.o

.comment        0x00000000       0x43
 .comment       0x00000000       0x43 ./Core/Src/main.o
                                 0x44 (size before relaxing)
 .comment       0x00000043       0x44 ./Core/Src/stm32f4xx_hal_msp.o
 .comment       0x00000043       0x44 ./Core/Src/stm32f4xx_it.o
 .comment       0x00000043       0x44 ./Core/Src/system_stm32f4xx.o
 .comment       0x00000043       0x44 ./Core/Src/usb_descriptors.o
 .comment       0x00000043       0x44 ./Drivers/STM32F4xx_HAL_Driver/Src/stm32f4xx_hal.o
 .comment       0x00000043       0x44 ./Drivers/STM32F4xx_HAL_Driver/Src/stm32f4xx_hal_cortex.o
 .comment       0x00000043       0x44 ./Drivers/STM32F4xx_HAL_Driver/Src/stm32f4xx_hal_gpio.o
 .comment       0x00000043       0x44 ./Drivers/STM32F4xx_HAL_Driver/Src/stm32f4xx_hal_pcd.o
 .comment       0x00000043       0x44 ./Drivers/STM32F4xx_HAL_Driver/Src/stm32f4xx_hal_pcd_ex.o
 .comment       0x00000043       0x44 ./Drivers/STM32F4xx_HAL_Driver/Src/stm32f4xx_hal_rcc.o
 .comment       0x00000043       0x44 ./Drivers/STM32F4xx_HAL_Driver/Src/stm32f4xx_hal_rcc_ex.o
 .comment       0x00000043       0x44 ./Drivers/STM32F4xx_HAL_Driver/Src/stm32f4xx_hal_uart.o
 .comment       0x00000043       0x44 ./Drivers/STM32F4xx_HAL_Driver/Src/stm32f4xx_ll_usb.o
 .comment       0x00000043       0x44 ./Libs/tinyusb/src/class/cdc/cdc_device.o
 .comment       0x00000043       0x44 ./Libs/tinyusb/src/common/tusb_fifo.o
 .comment       0x00000043       0x44 ./Libs/tinyusb/src/device/usbd.o
 .comment       0x00000043       0x44 ./Libs/tinyusb/src/device/usbd_control.o
 .comment       0x00000043       0x44 ./Libs/tinyusb/src/portable/synopsys/dwc2/dcd_dwc2.o
 .comment       0x00000043       0x44 ./Libs/tinyusb/src/portable/synopsys/dwc2/dwc2_common.o
 .comment       0x00000043       0x44 ./Libs/tinyusb/src/tusb.o

.debug_frame    0x00000000     0x4450
 .debug_frame   0x00000000      0x150 ./Core/Src/main.o
 .debug_frame   0x00000150       0xc8 ./Core/Src/stm32f4xx_hal_msp.o
 .debug_frame   0x00000218      0x120 ./Core/Src/stm32f4xx_it.o
 .debug_frame   0x00000338       0x58 ./Core/Src/system_stm32f4xx.o
 .debug_frame   0x00000390       0xa4 ./Core/Src/usb_descriptors.o
 .debug_frame   0x00000434      0x374 ./Drivers/STM32F4xx_HAL_Driver/Src/stm32f4xx_hal.o
 .debug_frame   0x000007a8      0x508 ./Drivers/STM32F4xx_HAL_Driver/Src/stm32f4xx_hal_cortex.o
 .debug_frame   0x00000cb0      0x14c ./Drivers/STM32F4xx_HAL_Driver/Src/stm32f4xx_hal_gpio.o
 .debug_frame   0x00000dfc      0x5b8 ./Drivers/STM32F4xx_HAL_Driver/Src/stm32f4xx_hal_pcd.o
 .debug_frame   0x000013b4      0x100 ./Drivers/STM32F4xx_HAL_Driver/Src/stm32f4xx_hal_pcd_ex.o
 .debug_frame   0x000014b4      0x1f4 ./Drivers/STM32F4xx_HAL_Driver/Src/stm32f4xx_hal_rcc.o
 .debug_frame   0x000016a8      0x1e8 ./Drivers/STM32F4xx_HAL_Driver/Src/stm32f4xx_hal_rcc_ex.o
 .debug_frame   0x00001890      0x954 ./Drivers/STM32F4xx_HAL_Driver/Src/stm32f4xx_hal_uart.o
 .debug_frame   0x000021e4      0x7c0 ./Drivers/STM32F4xx_HAL_Driver/Src/stm32f4xx_ll_usb.o
 .debug_frame   0x000029a4      0x318 ./Libs/tinyusb/src/class/cdc/cdc_device.o
 .debug_frame   0x00002cbc      0x4c8 ./Libs/tinyusb/src/common/tusb_fifo.o
 .debug_frame   0x00003184      0x768 ./Libs/tinyusb/src/device/usbd.o
 .debug_frame   0x000038ec      0x158 ./Libs/tinyusb/src/device/usbd_control.o
 .debug_frame   0x00003a44      0x49c ./Libs/tinyusb/src/portable/synopsys/dwc2/dcd_dwc2.o
 .debug_frame   0x00003ee0      0x194 ./Libs/tinyusb/src/portable/synopsys/dwc2/dwc2_common.o
 .debug_frame   0x00004074      0x308 ./Libs/tinyusb/src/tusb.o
 .debug_frame   0x0000437c       0x20 C:/ST/STM32CubeIDE_1.18.0/STM32CubeIDE/plugins/com.st.stm32cube.ide.mcu.externaltools.gnu-tools-for-stm32.13.3.rel1.win32_1.0.0.202411081344/tools/bin/../lib/gcc/arm-none-eabi/13.3.1/../../../../arm-none-eabi/lib/thumb/v7e-m+fp/hard\libc_nano.a(libc_a-memset.o)
 .debug_frame   0x0000439c       0x2c C:/ST/STM32CubeIDE_1.18.0/STM32CubeIDE/plugins/com.st.stm32cube.ide.mcu.externaltools.gnu-tools-for-stm32.13.3.rel1.win32_1.0.0.202411081344/tools/bin/../lib/gcc/arm-none-eabi/13.3.1/../../../../arm-none-eabi/lib/thumb/v7e-m+fp/hard\libc_nano.a(libc_a-init.o)
 .debug_frame   0x000043c8       0x28 C:/ST/STM32CubeIDE_1.18.0/STM32CubeIDE/plugins/com.st.stm32cube.ide.mcu.externaltools.gnu-tools-for-stm32.13.3.rel1.win32_1.0.0.202411081344/tools/bin/../lib/gcc/arm-none-eabi/13.3.1/../../../../arm-none-eabi/lib/thumb/v7e-m+fp/hard\libc_nano.a(libc_a-memcpy-stub.o)
 .debug_frame   0x000043f0       0x2c C:/ST/STM32CubeIDE_1.18.0/STM32CubeIDE/plugins/com.st.stm32cube.ide.mcu.externaltools.gnu-tools-for-stm32.13.3.rel1.win32_1.0.0.202411081344/tools/bin/../lib/gcc/arm-none-eabi/13.3.1/thumb/v7e-m+fp/hard\libgcc.a(_aeabi_uldivmod.o)
 .debug_frame   0x0000441c       0x34 C:/ST/STM32CubeIDE_1.18.0/STM32CubeIDE/plugins/com.st.stm32cube.ide.mcu.externaltools.gnu-tools-for-stm32.13.3.rel1.win32_1.0.0.202411081344/tools/bin/../lib/gcc/arm-none-eabi/13.3.1/thumb/v7e-m+fp/hard\libgcc.a(_udivmoddi4.o)

.debug_line_str
                0x00000000       0x67
 .debug_line_str
                0x00000000       0x67 ./Core/Startup/startup_stm32f446retx.o
