../Core/Src/main.c:63:13:echo_serial_port	32	static
../Core/Src/main.c:81:6:tud_mount_cb	4	static
../Core/Src/main.c:86:6:tud_umount_cb	4	static
../Core/Src/main.c:90:13:cdc_task	80	static
../Core/Src/main.c:116:5:main	16	static
../Core/Src/main.c:164:6:SystemClock_Config	88	static
../Core/Src/main.c:211:13:MX_USART2_UART_Init	8	static
../Core/Src/main.c:244:13:MX_USB_OTG_FS_PCD_Init	8	static
../Core/Src/main.c:279:13:MX_GPIO_Init	48	static
../Core/Src/main.c:319:6:Error_Handler	4	static,ignoring_inline_asm
